[info] machine has 20 cores per socket
[info] machine has  threads per core
[info] machine with a max of 40 threads
[start] running file universes/1000universe.csv (1/15)
[running] running serial experiment...
[running] using 2 threads
[running] running parallel experiment...
[running] using 4 threads
[running] running parallel experiment...
[running] using 6 threads
[running] running parallel experiment...
[running] using 8 threads
[running] running parallel experiment...
[running] using 10 threads
[running] running parallel experiment...
[running] using 12 threads
[running] running parallel experiment...
[running] using 14 threads
[running] running parallel experiment...
[running] using 16 threads
[running] running parallel experiment...
[running] using 18 threads
[running] running parallel experiment...
[running] using 20 threads
[running] running parallel experiment...
[running] using 22 threads
[running] running parallel experiment...
[running] using 24 threads
[running] running parallel experiment...
[running] using 26 threads
[running] running parallel experiment...
[running] using 28 threads
[running] running parallel experiment...
[running] using 30 threads
[running] running parallel experiment...
[running] using 32 threads
[running] running parallel experiment...
[running] using 34 threads
[running] running parallel experiment...
[running] using 36 threads
[running] running parallel experiment...
[running] using 38 threads
[running] running parallel experiment...
[running] using 40 threads
[running] running parallel experiment...
[finished] finished file universes/1000universe.csv
[start] running file universes/2000universe.csv (2/15)
[running] running serial experiment...
[running] using 2 threads
[running] running parallel experiment...
[running] using 4 threads
[running] running parallel experiment...
[running] using 6 threads
[running] running parallel experiment...
[running] using 8 threads
[running] running parallel experiment...
[running] using 10 threads
[running] running parallel experiment...
[running] using 12 threads
[running] running parallel experiment...
[running] using 14 threads
[running] running parallel experiment...
[running] using 16 threads
[running] running parallel experiment...
[running] using 18 threads
[running] running parallel experiment...
[running] using 20 threads
[running] running parallel experiment...
[running] using 22 threads
[running] running parallel experiment...
[running] using 24 threads
[running] running parallel experiment...
[running] using 26 threads
[running] running parallel experiment...
[running] using 28 threads
[running] running parallel experiment...
[running] using 30 threads
[running] running parallel experiment...
[running] using 32 threads
[running] running parallel experiment...
[running] using 34 threads
[running] running parallel experiment...
[running] using 36 threads
[running] running parallel experiment...
[running] using 38 threads
[running] running parallel experiment...
[running] using 40 threads
[running] running parallel experiment...
[finished] finished file universes/2000universe.csv
[start] running file universes/3000universe.csv (3/15)
[running] running serial experiment...
[running] using 2 threads
[running] running parallel experiment...
[running] using 4 threads
[running] running parallel experiment...
[running] using 6 threads
[running] running parallel experiment...
[running] using 8 threads
[running] running parallel experiment...
[running] using 10 threads
[running] running parallel experiment...
[running] using 12 threads
[running] running parallel experiment...
[running] using 14 threads
[running] running parallel experiment...
[running] using 16 threads
[running] running parallel experiment...
[running] using 18 threads
[running] running parallel experiment...
[running] using 20 threads
[running] running parallel experiment...
[running] using 22 threads
[running] running parallel experiment...
[running] using 24 threads
[running] running parallel experiment...
[running] using 26 threads
[running] running parallel experiment...
[running] using 28 threads
[running] running parallel experiment...
[running] using 30 threads
[running] running parallel experiment...
[running] using 32 threads
[running] running parallel experiment...
[running] using 34 threads
[running] running parallel experiment...
[running] using 36 threads
[running] running parallel experiment...
[running] using 38 threads
[running] running parallel experiment...
[running] using 40 threads
[running] running parallel experiment...
[finished] finished file universes/3000universe.csv
[start] running file universes/4000universe.csv (4/15)
[running] running serial experiment...
[running] using 2 threads
[running] running parallel experiment...
[running] using 4 threads
[running] running parallel experiment...
[running] using 6 threads
[running] running parallel experiment...
[running] using 8 threads
[running] running parallel experiment...
[running] using 10 threads
[running] running parallel experiment...
[running] using 12 threads
[running] running parallel experiment...
[running] using 14 threads
[running] running parallel experiment...
[running] using 16 threads
[running] running parallel experiment...
[running] using 18 threads
[running] running parallel experiment...
[running] using 20 threads
[running] running parallel experiment...
[running] using 22 threads
[running] running parallel experiment...
[running] using 24 threads
[running] running parallel experiment...
[running] using 26 threads
[running] running parallel experiment...
[running] using 28 threads
[running] running parallel experiment...
[running] using 30 threads
[running] running parallel experiment...
[running] using 32 threads
[running] running parallel experiment...
[running] using 34 threads
[running] running parallel experiment...
[running] using 36 threads
[running] running parallel experiment...
[running] using 38 threads
[running] running parallel experiment...
[running] using 40 threads
[running] running parallel experiment...
[finished] finished file universes/4000universe.csv
[start] running file universes/400universe.csv (5/15)
[running] running serial experiment...
[running] using 2 threads
[running] running parallel experiment...
[running] using 4 threads
[running] running parallel experiment...
[running] using 6 threads
[running] running parallel experiment...
[running] using 8 threads
[running] running parallel experiment...
[running] using 10 threads
[running] running parallel experiment...
[running] using 12 threads
[running] running parallel experiment...
[running] using 14 threads
[running] running parallel experiment...
[running] using 16 threads
[running] running parallel experiment...
[running] using 18 threads
[running] running parallel experiment...
[running] using 20 threads
[running] running parallel experiment...
[running] using 22 threads
[running] running parallel experiment...
[running] using 24 threads
[running] running parallel experiment...
[running] using 26 threads
[running] running parallel experiment...
[running] using 28 threads
[running] running parallel experiment...
[running] using 30 threads
[running] running parallel experiment...
[running] using 32 threads
[running] running parallel experiment...
[running] using 34 threads
[running] running parallel experiment...
[running] using 36 threads
[running] running parallel experiment...
[running] using 38 threads
[running] running parallel experiment...
[running] using 40 threads
[running] running parallel experiment...
[finished] finished file universes/400universe.csv
[start] running file universes/5000universe.csv (6/15)
[running] running serial experiment...
[running] using 2 threads
[running] running parallel experiment...
[running] using 4 threads
[running] running parallel experiment...
[running] using 6 threads
[running] running parallel experiment...
[running] using 8 threads
[running] running parallel experiment...
[running] using 10 threads
[running] running parallel experiment...
[running] using 12 threads
[running] running parallel experiment...
[running] using 14 threads
[running] running parallel experiment...
[running] using 16 threads
[running] running parallel experiment...
[running] using 18 threads
[running] running parallel experiment...
[running] using 20 threads
[running] running parallel experiment...
[running] using 22 threads
[running] running parallel experiment...
[running] using 24 threads
[running] running parallel experiment...
[running] using 26 threads
[running] running parallel experiment...
[running] using 28 threads
[running] running parallel experiment...
[running] using 30 threads
[running] running parallel experiment...
[running] using 32 threads
[running] running parallel experiment...
[running] using 34 threads
[running] running parallel experiment...
[running] using 36 threads
[running] running parallel experiment...
[running] using 38 threads
[running] running parallel experiment...
[running] using 40 threads
[running] running parallel experiment...
[finished] finished file universes/5000universe.csv
[start] running file universes/500universe.csv (7/15)
[running] running serial experiment...
[running] using 2 threads
[running] running parallel experiment...
[running] using 4 threads
[running] running parallel experiment...
[running] using 6 threads
[running] running parallel experiment...
[running] using 8 threads
[running] running parallel experiment...
[running] using 10 threads
[running] running parallel experiment...
[running] using 12 threads
[running] running parallel experiment...
[running] using 14 threads
[running] running parallel experiment...
[running] using 16 threads
[running] running parallel experiment...
[running] using 18 threads
[running] running parallel experiment...
[running] using 20 threads
[running] running parallel experiment...
[running] using 22 threads
[running] running parallel experiment...
[running] using 24 threads
[running] running parallel experiment...
[running] using 26 threads
[running] running parallel experiment...
[running] using 28 threads
[running] running parallel experiment...
[running] using 30 threads
[running] running parallel experiment...
[running] using 32 threads
[running] running parallel experiment...
[running] using 34 threads
[running] running parallel experiment...
[running] using 36 threads
[running] running parallel experiment...
[running] using 38 threads
[running] running parallel experiment...
[running] using 40 threads
[running] running parallel experiment...
[finished] finished file universes/500universe.csv
[start] running file universes/6000universe.csv (8/15)
[running] running serial experiment...
[running] using 2 threads
[running] running parallel experiment...
[running] using 4 threads
[running] running parallel experiment...
[running] using 6 threads
[running] running parallel experiment...
[running] using 8 threads
[running] running parallel experiment...
[running] using 10 threads
[running] running parallel experiment...
[running] using 12 threads
[running] running parallel experiment...
[running] using 14 threads
[running] running parallel experiment...
[running] using 16 threads
[running] running parallel experiment...
[running] using 18 threads
[running] running parallel experiment...
[running] using 20 threads
[running] running parallel experiment...
[running] using 22 threads
[running] running parallel experiment...
[running] using 24 threads
[running] running parallel experiment...
[running] using 26 threads
[running] running parallel experiment...
[running] using 28 threads
[running] running parallel experiment...
[running] using 30 threads
[running] running parallel experiment...
[running] using 32 threads
[running] running parallel experiment...
[running] using 34 threads
[running] running parallel experiment...
[running] using 36 threads
[running] running parallel experiment...
[running] using 38 threads
[running] running parallel experiment...
[running] using 40 threads
[running] running parallel experiment...
[finished] finished file universes/6000universe.csv
[start] running file universes/600universe.csv (9/15)
[running] running serial experiment...
[running] using 2 threads
[running] running parallel experiment...
[running] using 4 threads
[running] running parallel experiment...
[running] using 6 threads
[running] running parallel experiment...
[running] using 8 threads
[running] running parallel experiment...
[running] using 10 threads
[running] running parallel experiment...
[running] using 12 threads
[running] running parallel experiment...
[running] using 14 threads
[running] running parallel experiment...
[running] using 16 threads
[running] running parallel experiment...
[running] using 18 threads
[running] running parallel experiment...
[running] using 20 threads
[running] running parallel experiment...
[running] using 22 threads
[running] running parallel experiment...
[running] using 24 threads
[running] running parallel experiment...
[running] using 26 threads
[running] running parallel experiment...
[running] using 28 threads
[running] running parallel experiment...
[running] using 30 threads
[running] running parallel experiment...
[running] using 32 threads
[running] running parallel experiment...
[running] using 34 threads
[running] running parallel experiment...
[running] using 36 threads
[running] running parallel experiment...
[running] using 38 threads
[running] running parallel experiment...
[running] using 40 threads
[running] running parallel experiment...
[finished] finished file universes/600universe.csv
[start] running file universes/7000universe.csv (10/15)
[running] running serial experiment...
[running] using 2 threads
[running] running parallel experiment...
[running] using 4 threads
[running] running parallel experiment...
[running] using 6 threads
[running] running parallel experiment...
[running] using 8 threads
[running] running parallel experiment...
[running] using 10 threads
[running] running parallel experiment...
[running] using 12 threads
[running] running parallel experiment...
[running] using 14 threads
[running] running parallel experiment...
[running] using 16 threads
[running] running parallel experiment...
[running] using 18 threads
[running] running parallel experiment...
[running] using 20 threads
[running] running parallel experiment...
[running] using 22 threads
[running] running parallel experiment...
[running] using 24 threads
[running] running parallel experiment...
[running] using 26 threads
[running] running parallel experiment...
[running] using 28 threads
[running] running parallel experiment...
[running] using 30 threads
[running] running parallel experiment...
[running] using 32 threads
[running] running parallel experiment...
[running] using 34 threads
[running] running parallel experiment...
[running] using 36 threads
[running] running parallel experiment...
[running] using 38 threads
[running] running parallel experiment...
[running] using 40 threads
[running] running parallel experiment...
[finished] finished file universes/7000universe.csv
[start] running file universes/700universe.csv (11/15)
[running] running serial experiment...
[running] using 2 threads
[running] running parallel experiment...
[running] using 4 threads
[running] running parallel experiment...
[running] using 6 threads
[running] running parallel experiment...
[running] using 8 threads
[running] running parallel experiment...
[running] using 10 threads
[running] running parallel experiment...
[running] using 12 threads
[running] running parallel experiment...
[running] using 14 threads
[running] running parallel experiment...
[running] using 16 threads
[running] running parallel experiment...
[running] using 18 threads
[running] running parallel experiment...
[running] using 20 threads
[running] running parallel experiment...
[running] using 22 threads
[running] running parallel experiment...
[running] using 24 threads
[running] running parallel experiment...
[running] using 26 threads
[running] running parallel experiment...
[running] using 28 threads
[running] running parallel experiment...
[running] using 30 threads
[running] running parallel experiment...
[running] using 32 threads
[running] running parallel experiment...
[running] using 34 threads
[running] running parallel experiment...
[running] using 36 threads
[running] running parallel experiment...
[running] using 38 threads
[running] running parallel experiment...
[running] using 40 threads
[running] running parallel experiment...
[finished] finished file universes/700universe.csv
[start] running file universes/8000universe.csv (12/15)
[running] running serial experiment...
[running] using 2 threads
[running] running parallel experiment...
[running] using 4 threads
[running] running parallel experiment...
[running] using 6 threads
[running] running parallel experiment...
[running] using 8 threads
[running] running parallel experiment...
[running] using 10 threads
[running] running parallel experiment...
[running] using 12 threads
[running] running parallel experiment...
[running] using 14 threads
[running] running parallel experiment...
[running] using 16 threads
[running] running parallel experiment...
[running] using 18 threads
[running] running parallel experiment...
[running] using 20 threads
[running] running parallel experiment...
[running] using 22 threads
[running] running parallel experiment...
[running] using 24 threads
[running] running parallel experiment...
[running] using 26 threads
[running] running parallel experiment...
[running] using 28 threads
[running] running parallel experiment...
[running] using 30 threads
[running] running parallel experiment...
[running] using 32 threads
[running] running parallel experiment...
[running] using 34 threads
[running] running parallel experiment...
[running] using 36 threads
[running] running parallel experiment...
[running] using 38 threads
[running] running parallel experiment...
[running] using 40 threads
[running] running parallel experiment...
[finished] finished file universes/8000universe.csv
[start] running file universes/800universe.csv (13/15)
[running] running serial experiment...
[running] using 2 threads
[running] running parallel experiment...
[running] using 4 threads
[running] running parallel experiment...
[running] using 6 threads
[running] running parallel experiment...
[running] using 8 threads
[running] running parallel experiment...
[running] using 10 threads
[running] running parallel experiment...
[running] using 12 threads
[running] running parallel experiment...
[running] using 14 threads
[running] running parallel experiment...
[running] using 16 threads
[running] running parallel experiment...
[running] using 18 threads
[running] running parallel experiment...
[running] using 20 threads
[running] running parallel experiment...
[running] using 22 threads
[running] running parallel experiment...
[running] using 24 threads
[running] running parallel experiment...
[running] using 26 threads
[running] running parallel experiment...
[running] using 28 threads
[running] running parallel experiment...
[running] using 30 threads
[running] running parallel experiment...
[running] using 32 threads
[running] running parallel experiment...
[running] using 34 threads
[running] running parallel experiment...
[running] using 36 threads
[running] running parallel experiment...
[running] using 38 threads
[running] running parallel experiment...
[running] using 40 threads
[running] running parallel experiment...
[finished] finished file universes/800universe.csv
[start] running file universes/9000universe.csv (14/15)
[running] running serial experiment...
[running] using 2 threads
[running] running parallel experiment...
[running] using 4 threads
[running] running parallel experiment...
[running] using 6 threads
[running] running parallel experiment...
[running] using 8 threads
[running] running parallel experiment...
[running] using 10 threads
[running] running parallel experiment...
[running] using 12 threads
[running] running parallel experiment...
[running] using 14 threads
[running] running parallel experiment...
[running] using 16 threads
[running] running parallel experiment...
[running] using 18 threads
[running] running parallel experiment...
[running] using 20 threads
[running] running parallel experiment...
[running] using 22 threads
[running] running parallel experiment...
[running] using 24 threads
[running] running parallel experiment...
[running] using 26 threads
[running] running parallel experiment...
[running] using 28 threads
[running] running parallel experiment...
[running] using 30 threads
[running] running parallel experiment...
[running] using 32 threads
[running] running parallel experiment...
[running] using 34 threads
[running] running parallel experiment...
[running] using 36 threads
[running] running parallel experiment...
[running] using 38 threads
[running] running parallel experiment...
[running] using 40 threads
[running] running parallel experiment...
[finished] finished file universes/9000universe.csv
[start] running file universes/900universe.csv (15/15)
[running] running serial experiment...
[running] using 2 threads
[running] running parallel experiment...
[running] using 4 threads
[running] running parallel experiment...
[running] using 6 threads
[running] running parallel experiment...
[running] using 8 threads
[running] running parallel experiment...
[running] using 10 threads
[running] running parallel experiment...
[running] using 12 threads
[running] running parallel experiment...
[running] using 14 threads
[running] running parallel experiment...
[running] using 16 threads
[running] running parallel experiment...
[running] using 18 threads
[running] running parallel experiment...
[running] using 20 threads
[running] running parallel experiment...
[running] using 22 threads
[running] running parallel experiment...
[running] using 24 threads
[running] running parallel experiment...
[running] using 26 threads
[running] running parallel experiment...
[running] using 28 threads
[running] running parallel experiment...
[running] using 30 threads
[running] running parallel experiment...
[running] using 32 threads
[running] running parallel experiment...
[running] using 34 threads
[running] running parallel experiment...
[running] using 36 threads
[running] running parallel experiment...
[running] using 38 threads
[running] running parallel experiment...
[running] using 40 threads
[running] running parallel experiment...
[finished] finished file universes/900universe.csv
