nbody.cpp:126:37: optimized: loop vectorized using 16 byte vectors
nbody.cpp:126:37: optimized: loop vectorized using 8 byte vectors
nbody.cpp:178:35: optimized: loop vectorized using 16 byte vectors
nbody.cpp:178:35: optimized: loop vectorized using 8 byte vectors
/usr/include/c++/15/bits/stl_uninitialized.h:144:22: optimized: loop vectorized using 16 byte vectors
/usr/include/c++/15/bits/stl_uninitialized.h:144:22: optimized:  loop versioned for vectorization because of possible aliasing
/usr/include/c++/15/bits/stl_uninitialized.h:144:22: optimized: loop vectorized using 16 byte vectors
/usr/include/c++/15/bits/stl_uninitialized.h:144:22: optimized:  loop versioned for vectorization because of possible aliasing
/usr/include/c++/15/bits/stl_uninitialized.h:144:22: optimized: loop vectorized using 16 byte vectors
/usr/include/c++/15/bits/stl_uninitialized.h:144:22: optimized:  loop versioned for vectorization because of possible aliasing
/usr/include/c++/15/bits/stl_uninitialized.h:144:22: optimized: loop vectorized using 16 byte vectors
/usr/include/c++/15/bits/stl_uninitialized.h:144:22: optimized:  loop versioned for vectorization because of possible aliasing
/usr/include/c++/15/bits/basic_ios.h:477:2: optimized: basic block part vectorized using 16 byte vectors
/usr/include/c++/15/bits/basic_ios.h:477:2: optimized: basic block part vectorized using 16 byte vectors
/usr/include/c++/15/sstream:1077:51: optimized: basic block part vectorized using 16 byte vectors
/usr/include/c++/15/bits/basic_ios.h:477:2: optimized: basic block part vectorized using 16 byte vectors
/usr/include/c++/15/fstream:918:9: optimized: basic block part vectorized using 16 byte vectors
/usr/include/c++/15/bits/unicode.h:411:15: optimized: basic block part vectorized using 2 byte vectors
/usr/include/c++/15/bits/unicode.h:239:16: optimized: basic block part vectorized using 2 byte vectors
/usr/include/c++/15/bits/unicode.h:239:16: optimized: basic block part vectorized using 16 byte vectors
/usr/include/c++/15/bits/unicode.h:239:16: optimized: basic block part vectorized using 2 byte vectors
/usr/include/c++/15/bits/unicode.h:239:16: optimized: basic block part vectorized using 16 byte vectors
/usr/include/c++/15/bits/unicode.h:239:16: optimized: basic block part vectorized using 2 byte vectors
/usr/include/c++/15/bits/unicode.h:239:16: optimized: basic block part vectorized using 16 byte vectors
/usr/include/c++/15/format:1281:4: optimized: basic block part vectorized using 4 byte vectors
/usr/include/c++/15/bits/unicode.h:239:16: optimized: basic block part vectorized using 2 byte vectors
/usr/include/c++/15/bits/unicode.h:239:16: optimized: basic block part vectorized using 16 byte vectors
/usr/include/c++/15/format:801:5: optimized: basic block part vectorized using 4 byte vectors
/usr/include/c++/15/format:801:5: optimized: basic block part vectorized using 16 byte vectors
/usr/include/c++/15/bits/unicode.h:463:13: optimized: basic block part vectorized using 4 byte vectors
/usr/include/c++/15/bits/unicode.h:450:13: optimized: basic block part vectorized using 2 byte vectors
/usr/include/c++/15/bits/unicode.h:110:57: optimized: basic block part vectorized using 2 byte vectors
/usr/include/c++/15/bits/unicode.h:515:6: optimized: basic block part vectorized using 16 byte vectors
/usr/include/c++/15/bits/locale_facets.tcc:1322:39: optimized: loop vectorized using 16 byte vectors
/usr/include/c++/15/bits/locale_facets.tcc:1322:39: optimized:  loop versioned for vectorization because of possible aliasing
/usr/include/c++/15/bits/locale_facets.tcc:1322:39: optimized: loop vectorized using 8 byte vectors
/usr/include/c++/15/bits/locale_facets.tcc:1315:39: optimized: loop vectorized using 16 byte vectors
/usr/include/c++/15/bits/locale_facets.tcc:1315:39: optimized:  loop versioned for vectorization because of possible aliasing
/usr/include/c++/15/bits/locale_facets.tcc:1315:39: optimized: loop vectorized using 8 byte vectors
/usr/include/c++/15/bits/locale_facets.tcc:1309:22: optimized: loop vectorized using 16 byte vectors
/usr/include/c++/15/bits/locale_facets.tcc:1309:22: optimized:  loop versioned for vectorization because of possible aliasing
/usr/include/c++/15/bits/locale_facets.tcc:1309:22: optimized: loop vectorized using 8 byte vectors
/usr/include/c++/15/bits/charconv.h:101:23: optimized: basic block part vectorized using 2 byte vectors
/usr/include/c++/15/bits/basic_string.h:234:26: optimized: basic block part vectorized using 16 byte vectors
/usr/include/c++/15/bits/basic_string.h:234:26: optimized: basic block part vectorized using 16 byte vectors
/usr/include/c++/15/bits/basic_string.h:234:26: optimized: basic block part vectorized using 16 byte vectors
/usr/include/c++/15/bits/basic_string.h:234:26: optimized: basic block part vectorized using 16 byte vectors
/usr/include/c++/15/bits/basic_string.h:234:26: optimized: basic block part vectorized using 16 byte vectors
/usr/include/c++/15/bits/basic_string.h:234:26: optimized: basic block part vectorized using 16 byte vectors
/usr/include/c++/15/bits/basic_string.h:234:26: optimized: basic block part vectorized using 16 byte vectors
/usr/include/c++/15/bits/basic_string.h:234:26: optimized: basic block part vectorized using 16 byte vectors
/usr/include/c++/15/bits/unicode.h:685:27: optimized: basic block part vectorized using 2 byte vectors
/usr/include/c++/15/bits/unicode.h:239:16: optimized: basic block part vectorized using 2 byte vectors
/usr/include/c++/15/bits/unicode.h:239:16: optimized: basic block part vectorized using 16 byte vectors
/usr/include/c++/15/format:1326:2: optimized: basic block part vectorized using 2 byte vectors
/usr/include/c++/15/format:1326:2: optimized: basic block part vectorized using 16 byte vectors
/usr/include/c++/15/bits/unicode.h:751:45: optimized: basic block part vectorized using 2 byte vectors
/usr/include/c++/15/bits/unicode.h:239:16: optimized: basic block part vectorized using 2 byte vectors
/usr/include/c++/15/bits/unicode.h:239:16: optimized: basic block part vectorized using 16 byte vectors
/usr/include/c++/15/format:1326:2: optimized: basic block part vectorized using 2 byte vectors
/usr/include/c++/15/format:1326:2: optimized: basic block part vectorized using 16 byte vectors
/usr/include/c++/15/bits/unicode.h:751:45: optimized: basic block part vectorized using 2 byte vectors
/usr/include/c++/15/format:3367:7: optimized: basic block part vectorized using 16 byte vectors
/usr/include/c++/15/bits/unicode.h:239:16: optimized: basic block part vectorized using 2 byte vectors
/usr/include/c++/15/bits/unicode.h:239:16: optimized: basic block part vectorized using 16 byte vectors
/usr/include/c++/15/format:1326:2: optimized: basic block part vectorized using 2 byte vectors
/usr/include/c++/15/bits/unicode.h:751:45: optimized: basic block part vectorized using 2 byte vectors
/usr/include/c++/15/bits/unicode.h:239:16: optimized: basic block part vectorized using 2 byte vectors
/usr/include/c++/15/bits/unicode.h:239:16: optimized: basic block part vectorized using 16 byte vectors
/usr/include/c++/15/format:1326:2: optimized: basic block part vectorized using 2 byte vectors
/usr/include/c++/15/bits/unicode.h:751:45: optimized: basic block part vectorized using 2 byte vectors
/usr/include/c++/15/format:2923:13: optimized: basic block part vectorized using 2 byte vectors
/usr/include/c++/15/format:3254:23: optimized: basic block part vectorized using 16 byte vectors
/usr/include/c++/15/format:1556:32: optimized: basic block part vectorized using 2 byte vectors
/usr/include/c++/15/bits/basic_string.h:234:26: optimized: basic block part vectorized using 16 byte vectors
/usr/include/c++/15/bits/basic_string.h:234:26: optimized: basic block part vectorized using 16 byte vectors
/usr/include/c++/15/format:4694:35: optimized: basic block part vectorized using 16 byte vectors
/usr/include/c++/15/format:409:77: optimized: basic block part vectorized using 16 byte vectors
/usr/include/c++/15/format:4449:44: optimized: basic block part vectorized using 16 byte vectors
/usr/include/c++/15/format:3367:7: optimized: basic block part vectorized using 16 byte vectors
/usr/include/c++/15/format:3367:7: optimized: basic block part vectorized using 16 byte vectors
/usr/include/c++/15/bits/std_function.h:454:19: optimized: basic block part vectorized using 16 byte vectors
/usr/include/c++/15/bits/std_function.h:395:17: optimized: basic block part vectorized using 16 byte vectors
/usr/include/c++/15/bits/char_traits.h:352:7: optimized: basic block part vectorized using 2 byte vectors
/usr/include/c++/15/bits/char_traits.h:352:7: optimized: basic block part vectorized using 2 byte vectors
/usr/include/c++/15/format:2923:13: optimized: basic block part vectorized using 2 byte vectors
/usr/include/c++/15/format:3254:23: optimized: basic block part vectorized using 16 byte vectors
/usr/include/c++/15/format:1556:32: optimized: basic block part vectorized using 2 byte vectors
/usr/include/c++/15/bits/basic_string.h:234:26: optimized: basic block part vectorized using 16 byte vectors
/usr/include/c++/15/bits/basic_string.h:234:26: optimized: basic block part vectorized using 16 byte vectors
