This is pdfTeX, Version 3.141592653-2.6-1.40.27 (TeX Live 2025/nixos.org) (preloaded format=pdflatex 1980.1.1)  28 SEP 2026 16:20
entering extended mode
 restricted \write18 enabled.
 %&-line parsing enabled.
**apresentacao.tex
(./apresentacao.tex
LaTeX2e <2025-11-01>
L3 programming layer <2026-01-19>

(/nix/store/m6l26yivppamjf4a5dwn0vlpdsl8k084-texlive-combined-full-2025-final-t
exmfdist/tex/latex/beamer/beamer.cls
Document Class: beamer 2026/01/22 v3.77 A class for typesetting presentations

(/nix/store/m6l26yivppamjf4a5dwn0vlpdsl8k084-texlive-combined-full-2025-final-t
exmfdist/tex/latex/beamer/beamerbasemodes.sty
(/nix/store/m6l26yivppamjf4a5dwn0vlpdsl8k084-texlive-combined-full-2025-final-t
exmfdist/tex/latex/etoolbox/etoolbox.sty
Package: etoolbox 2025/10/02 v2.5m e-TeX tools for LaTeX (JAW)
\etb@tempcnta=\count275
)
\beamer@tempbox=\box53
\beamer@tempcount=\count276
\c@beamerpauses=\count277

(/nix/store/m6l26yivppamjf4a5dwn0vlpdsl8k084-texlive-combined-full-2025-final-t
exmfdist/tex/latex/beamer/beamerbasedecode.sty
\beamer@slideinframe=\count278
\beamer@minimum=\count279
\beamer@decode@box=\box54
)
\beamer@commentbox=\box55
\beamer@modecount=\count280
)
(/nix/store/m6l26yivppamjf4a5dwn0vlpdsl8k084-texlive-combined-full-2025-final-t
exmfdist/tex/generic/iftex/iftex.sty
Package: iftex 2024/12/12 v1.0g TeX engine tests
)
\headdp=\dimen148
\footheight=\dimen149
\sidebarheight=\dimen150
\beamer@tempdim=\dimen151
\beamer@finalheight=\dimen152
\beamer@animht=\dimen153
\beamer@animdp=\dimen154
\beamer@animwd=\dimen155
\beamer@leftmargin=\dimen156
\beamer@rightmargin=\dimen157
\beamer@leftsidebar=\dimen158
\beamer@rightsidebar=\dimen159
\beamer@boxsize=\dimen160
\beamer@vboxoffset=\dimen161
\beamer@descdefault=\dimen162
\beamer@descriptionwidth=\dimen163
\beamer@lastskip=\skip49
\beamer@areabox=\box56
\beamer@animcurrent=\box57
\beamer@animshowbox=\box58
\beamer@sectionbox=\box59
\beamer@logobox=\box60
\beamer@linebox=\box61
\beamer@sectioncount=\count281
\beamer@subsubsectionmax=\count282
\beamer@subsectionmax=\count283
\beamer@sectionmax=\count284
\beamer@totalheads=\count285
\beamer@headcounter=\count286
\beamer@partstartpage=\count287
\beamer@sectionstartpage=\count288
\beamer@subsectionstartpage=\count289
\beamer@animationtempa=\count290
\beamer@animationtempb=\count291
\beamer@xpos=\count292
\beamer@ypos=\count293
\beamer@ypos@offset=\count294
\beamer@showpartnumber=\count295
\beamer@currentsubsection=\count296
\beamer@coveringdepth=\count297
\beamer@sectionadjust=\count298
\beamer@toclastsection=\count299
\beamer@tocsectionnumber=\count300

(/nix/store/m6l26yivppamjf4a5dwn0vlpdsl8k084-texlive-combined-full-2025-final-t
exmfdist/tex/latex/beamer/beamerbaseoptions.sty
(/nix/store/m6l26yivppamjf4a5dwn0vlpdsl8k084-texlive-combined-full-2025-final-t
exmfdist/tex/latex/graphics/keyval.sty
Package: keyval 2022/05/29 v1.15 key=value parser (DPC)
\KV@toks@=\toks17
))
\beamer@paperwidth=\skip50
\beamer@paperheight=\skip51

(/nix/store/m6l26yivppamjf4a5dwn0vlpdsl8k084-texlive-combined-full-2025-final-t
exmfdist/tex/latex/geometry/geometry.sty
Package: geometry 2020/01/02 v5.9 Page Geometry

(/nix/store/m6l26yivppamjf4a5dwn0vlpdsl8k084-texlive-combined-full-2025-final-t
exmfdist/tex/generic/iftex/ifvtex.sty
Package: ifvtex 2019/10/25 v1.7 ifvtex legacy package. Use iftex instead.
)
\Gm@cnth=\count301
\Gm@cntv=\count302
\c@Gm@tempcnt=\count303
\Gm@bindingoffset=\dimen164
\Gm@wd@mp=\dimen165
\Gm@odd@mp=\dimen166
\Gm@even@mp=\dimen167
\Gm@layoutwidth=\dimen168
\Gm@layoutheight=\dimen169
\Gm@layouthoffset=\dimen170
\Gm@layoutvoffset=\dimen171
\Gm@dimlist=\toks18
)
(/nix/store/m6l26yivppamjf4a5dwn0vlpdsl8k084-texlive-combined-full-2025-final-t
exmfdist/tex/latex/pgf/math/pgfmath.sty
(/nix/store/m6l26yivppamjf4a5dwn0vlpdsl8k084-texlive-combined-full-2025-final-t
exmfdist/tex/latex/pgf/utilities/pgfrcs.sty
(/nix/store/m6l26yivppamjf4a5dwn0vlpdsl8k084-texlive-combined-full-2025-final-t
exmfdist/tex/generic/pgf/utilities/pgfutil-common.tex
\pgfutil@everybye=\toks19
\pgfutil@tempdima=\dimen172
\pgfutil@tempdimb=\dimen173
)
(/nix/store/m6l26yivppamjf4a5dwn0vlpdsl8k084-texlive-combined-full-2025-final-t
exmfdist/tex/generic/pgf/utilities/pgfutil-latex.def
\pgfutil@abb=\box62
)
(/nix/store/m6l26yivppamjf4a5dwn0vlpdsl8k084-texlive-combined-full-2025-final-t
exmfdist/tex/generic/pgf/utilities/pgfrcs.code.tex
(/nix/store/m6l26yivppamjf4a5dwn0vlpdsl8k084-texlive-combined-full-2025-final-t
exmfdist/tex/generic/pgf/pgf.revision.tex)
Package: pgfrcs 2025-08-29 v3.1.11a (3.1.11a)
))
(/nix/store/m6l26yivppamjf4a5dwn0vlpdsl8k084-texlive-combined-full-2025-final-t
exmfdist/tex/latex/pgf/utilities/pgfkeys.sty
(/nix/store/m6l26yivppamjf4a5dwn0vlpdsl8k084-texlive-combined-full-2025-final-t
exmfdist/tex/generic/pgf/utilities/pgfkeys.code.tex
\pgfkeys@pathtoks=\toks20
\pgfkeys@temptoks=\toks21

(/nix/store/m6l26yivppamjf4a5dwn0vlpdsl8k084-texlive-combined-full-2025-final-t
exmfdist/tex/generic/pgf/utilities/pgfkeyslibraryfiltered.code.tex
\pgfkeys@tmptoks=\toks22
)))
(/nix/store/m6l26yivppamjf4a5dwn0vlpdsl8k084-texlive-combined-full-2025-final-t
exmfdist/tex/generic/pgf/math/pgfmath.code.tex
(/nix/store/m6l26yivppamjf4a5dwn0vlpdsl8k084-texlive-combined-full-2025-final-t
exmfdist/tex/generic/pgf/math/pgfmathutil.code.tex
\pgf@x=\dimen174
\pgf@xa=\dimen175
\pgf@xb=\dimen176
\pgf@xc=\dimen177
\pgf@y=\dimen178
\pgf@ya=\dimen179
\pgf@yb=\dimen180
\pgf@yc=\dimen181
\c@pgf@counta=\count304
\c@pgf@countb=\count305
\c@pgf@countc=\count306
\c@pgf@countd=\count307
)
(/nix/store/m6l26yivppamjf4a5dwn0vlpdsl8k084-texlive-combined-full-2025-final-t
exmfdist/tex/generic/pgf/math/pgfmathparser.code.tex
\pgfmath@dimen=\dimen182
\pgfmath@count=\count308
\pgfmath@box=\box63
\pgfmath@toks=\toks23
\pgfmath@stack@operand=\toks24
\pgfmath@stack@operation=\toks25
)
(/nix/store/m6l26yivppamjf4a5dwn0vlpdsl8k084-texlive-combined-full-2025-final-t
exmfdist/tex/generic/pgf/math/pgfmathfunctions.code.tex)
(/nix/store/m6l26yivppamjf4a5dwn0vlpdsl8k084-texlive-combined-full-2025-final-t
exmfdist/tex/generic/pgf/math/pgfmathfunctions.basic.code.tex)
(/nix/store/m6l26yivppamjf4a5dwn0vlpdsl8k084-texlive-combined-full-2025-final-t
exmfdist/tex/generic/pgf/math/pgfmathfunctions.trigonometric.code.tex)
(/nix/store/m6l26yivppamjf4a5dwn0vlpdsl8k084-texlive-combined-full-2025-final-t
exmfdist/tex/generic/pgf/math/pgfmathfunctions.random.code.tex)
(/nix/store/m6l26yivppamjf4a5dwn0vlpdsl8k084-texlive-combined-full-2025-final-t
exmfdist/tex/generic/pgf/math/pgfmathfunctions.comparison.code.tex)
(/nix/store/m6l26yivppamjf4a5dwn0vlpdsl8k084-texlive-combined-full-2025-final-t
exmfdist/tex/generic/pgf/math/pgfmathfunctions.base.code.tex)
(/nix/store/m6l26yivppamjf4a5dwn0vlpdsl8k084-texlive-combined-full-2025-final-t
exmfdist/tex/generic/pgf/math/pgfmathfunctions.round.code.tex)
(/nix/store/m6l26yivppamjf4a5dwn0vlpdsl8k084-texlive-combined-full-2025-final-t
exmfdist/tex/generic/pgf/math/pgfmathfunctions.misc.code.tex)
(/nix/store/m6l26yivppamjf4a5dwn0vlpdsl8k084-texlive-combined-full-2025-final-t
exmfdist/tex/generic/pgf/math/pgfmathfunctions.integerarithmetics.code.tex)
(/nix/store/m6l26yivppamjf4a5dwn0vlpdsl8k084-texlive-combined-full-2025-final-t
exmfdist/tex/generic/pgf/math/pgfmathcalc.code.tex)
(/nix/store/m6l26yivppamjf4a5dwn0vlpdsl8k084-texlive-combined-full-2025-final-t
exmfdist/tex/generic/pgf/math/pgfmathfloat.code.tex
\c@pgfmathroundto@lastzeros=\count309
)))
(/nix/store/m6l26yivppamjf4a5dwn0vlpdsl8k084-texlive-combined-full-2025-final-t
exmfdist/tex/latex/base/size11.clo
File: size11.clo 2025/01/22 v1.4n Standard LaTeX file (size option)
)
(/nix/store/m6l26yivppamjf4a5dwn0vlpdsl8k084-texlive-combined-full-2025-final-t
exmfdist/tex/latex/pgf/basiclayer/pgfcore.sty
(/nix/store/m6l26yivppamjf4a5dwn0vlpdsl8k084-texlive-combined-full-2025-final-t
exmfdist/tex/latex/graphics/graphicx.sty
Package: graphicx 2024/12/31 v1.2e Enhanced LaTeX Graphics (DPC,SPQR)

(/nix/store/m6l26yivppamjf4a5dwn0vlpdsl8k084-texlive-combined-full-2025-final-t
exmfdist/tex/latex/graphics/graphics.sty
Package: graphics 2024/08/06 v1.4g Standard LaTeX Graphics (DPC,SPQR)

(/nix/store/m6l26yivppamjf4a5dwn0vlpdsl8k084-texlive-combined-full-2025-final-t
exmfdist/tex/latex/graphics/trig.sty
Package: trig 2023/12/02 v1.11 sin cos tan (DPC)
)
(/nix/store/m6l26yivppamjf4a5dwn0vlpdsl8k084-texlive-combined-full-2025-final-t
exmfdist/tex/latex/graphics-cfg/graphics.cfg
File: graphics.cfg 2016/06/04 v1.11 sample graphics configuration
)
Package graphics Info: Driver file: pdftex.def on input line 106.

(/nix/store/m6l26yivppamjf4a5dwn0vlpdsl8k084-texlive-combined-full-2025-final-t
exmfdist/tex/latex/graphics-def/pdftex.def
File: pdftex.def 2025/09/29 v1.2d Graphics/color driver for pdftex
))
\Gin@req@height=\dimen183
\Gin@req@width=\dimen184
)
(/nix/store/m6l26yivppamjf4a5dwn0vlpdsl8k084-texlive-combined-full-2025-final-t
exmfdist/tex/latex/pgf/systemlayer/pgfsys.sty
(/nix/store/m6l26yivppamjf4a5dwn0vlpdsl8k084-texlive-combined-full-2025-final-t
exmfdist/tex/generic/pgf/systemlayer/pgfsys.code.tex
Package: pgfsys 2025-08-29 v3.1.11a (3.1.11a)
\pgf@x=\dimen185
\pgf@y=\dimen186
\pgf@xa=\dimen187
\pgf@ya=\dimen188
\pgf@xb=\dimen189
\pgf@yb=\dimen190
\pgf@xc=\dimen191
\pgf@yc=\dimen192
\pgf@xd=\dimen193
\pgf@yd=\dimen194
\w@pgf@writea=\write3
\r@pgf@reada=\read2
\c@pgf@counta=\count310
\c@pgf@countb=\count311
\c@pgf@countc=\count312
\c@pgf@countd=\count313
\t@pgf@toka=\toks26
\t@pgf@tokb=\toks27
\t@pgf@tokc=\toks28
\pgf@sys@id@count=\count314

(/nix/store/m6l26yivppamjf4a5dwn0vlpdsl8k084-texlive-combined-full-2025-final-t
exmfdist/tex/generic/pgf/systemlayer/pgf.cfg
File: pgf.cfg 2025-08-29 v3.1.11a (3.1.11a)
)
Driver file for pgf: pgfsys-pdftex.def

(/nix/store/m6l26yivppamjf4a5dwn0vlpdsl8k084-texlive-combined-full-2025-final-t
exmfdist/tex/generic/pgf/systemlayer/pgfsys-pdftex.def
File: pgfsys-pdftex.def 2025-08-29 v3.1.11a (3.1.11a)

(/nix/store/m6l26yivppamjf4a5dwn0vlpdsl8k084-texlive-combined-full-2025-final-t
exmfdist/tex/generic/pgf/systemlayer/pgfsys-common-pdf.def
File: pgfsys-common-pdf.def 2025-08-29 v3.1.11a (3.1.11a)
)))
(/nix/store/m6l26yivppamjf4a5dwn0vlpdsl8k084-texlive-combined-full-2025-final-t
exmfdist/tex/generic/pgf/systemlayer/pgfsyssoftpath.code.tex
File: pgfsyssoftpath.code.tex 2025-08-29 v3.1.11a (3.1.11a)
\pgfsyssoftpath@smallbuffer@items=\count315
\pgfsyssoftpath@bigbuffer@items=\count316
)
(/nix/store/m6l26yivppamjf4a5dwn0vlpdsl8k084-texlive-combined-full-2025-final-t
exmfdist/tex/generic/pgf/systemlayer/pgfsysprotocol.code.tex
File: pgfsysprotocol.code.tex 2025-08-29 v3.1.11a (3.1.11a)
))
(/nix/store/m6l26yivppamjf4a5dwn0vlpdsl8k084-texlive-combined-full-2025-final-t
exmfdist/tex/latex/xcolor/xcolor.sty
Package: xcolor 2024/09/29 v3.02 LaTeX color extensions (UK)

(/nix/store/m6l26yivppamjf4a5dwn0vlpdsl8k084-texlive-combined-full-2025-final-t
exmfdist/tex/latex/graphics-cfg/color.cfg
File: color.cfg 2016/01/02 v1.6 sample color configuration
)
Package xcolor Info: Driver file: pdftex.def on input line 274.

(/nix/store/m6l26yivppamjf4a5dwn0vlpdsl8k084-texlive-combined-full-2025-final-t
exmfdist/tex/latex/graphics/mathcolor.ltx)
Package xcolor Info: Model `cmy' substituted by `cmy0' on input line 1349.
Package xcolor Info: Model `hsb' substituted by `rgb' on input line 1353.
Package xcolor Info: Model `RGB' extended on input line 1365.
Package xcolor Info: Model `HTML' substituted by `rgb' on input line 1367.
Package xcolor Info: Model `Hsb' substituted by `hsb' on input line 1368.
Package xcolor Info: Model `tHsb' substituted by `hsb' on input line 1369.
Package xcolor Info: Model `HSB' substituted by `hsb' on input line 1370.
Package xcolor Info: Model `Gray' substituted by `gray' on input line 1371.
Package xcolor Info: Model `wave' substituted by `hsb' on input line 1372.
)
(/nix/store/m6l26yivppamjf4a5dwn0vlpdsl8k084-texlive-combined-full-2025-final-t
exmfdist/tex/generic/pgf/basiclayer/pgfcore.code.tex
Package: pgfcore 2025-08-29 v3.1.11a (3.1.11a)

(/nix/store/m6l26yivppamjf4a5dwn0vlpdsl8k084-texlive-combined-full-2025-final-t
exmfdist/tex/generic/pgf/math/pgfint.code.tex)
(/nix/store/m6l26yivppamjf4a5dwn0vlpdsl8k084-texlive-combined-full-2025-final-t
exmfdist/tex/generic/pgf/basiclayer/pgfcorepoints.code.tex
File: pgfcorepoints.code.tex 2025-08-29 v3.1.11a (3.1.11a)
\pgf@picminx=\dimen195
\pgf@picmaxx=\dimen196
\pgf@picminy=\dimen197
\pgf@picmaxy=\dimen198
\pgf@pathminx=\dimen199
\pgf@pathmaxx=\dimen256
\pgf@pathminy=\dimen257
\pgf@pathmaxy=\dimen258
\pgf@xx=\dimen259
\pgf@xy=\dimen260
\pgf@yx=\dimen261
\pgf@yy=\dimen262
\pgf@zx=\dimen263
\pgf@zy=\dimen264
)
(/nix/store/m6l26yivppamjf4a5dwn0vlpdsl8k084-texlive-combined-full-2025-final-t
exmfdist/tex/generic/pgf/basiclayer/pgfcorepathconstruct.code.tex
File: pgfcorepathconstruct.code.tex 2025-08-29 v3.1.11a (3.1.11a)
\pgf@path@lastx=\dimen265
\pgf@path@lasty=\dimen266
)
(/nix/store/m6l26yivppamjf4a5dwn0vlpdsl8k084-texlive-combined-full-2025-final-t
exmfdist/tex/generic/pgf/basiclayer/pgfcorepathusage.code.tex
File: pgfcorepathusage.code.tex 2025-08-29 v3.1.11a (3.1.11a)
\pgf@shorten@end@additional=\dimen267
\pgf@shorten@start@additional=\dimen268
)
(/nix/store/m6l26yivppamjf4a5dwn0vlpdsl8k084-texlive-combined-full-2025-final-t
exmfdist/tex/generic/pgf/basiclayer/pgfcorescopes.code.tex
File: pgfcorescopes.code.tex 2025-08-29 v3.1.11a (3.1.11a)
\pgfpic=\box64
\pgf@hbox=\box65
\pgf@layerbox@main=\box66
\pgf@picture@serial@count=\count317
)
(/nix/store/m6l26yivppamjf4a5dwn0vlpdsl8k084-texlive-combined-full-2025-final-t
exmfdist/tex/generic/pgf/basiclayer/pgfcoregraphicstate.code.tex
File: pgfcoregraphicstate.code.tex 2025-08-29 v3.1.11a (3.1.11a)
\pgflinewidth=\dimen269
)
(/nix/store/m6l26yivppamjf4a5dwn0vlpdsl8k084-texlive-combined-full-2025-final-t
exmfdist/tex/generic/pgf/basiclayer/pgfcoretransformations.code.tex
File: pgfcoretransformations.code.tex 2025-08-29 v3.1.11a (3.1.11a)
\pgf@pt@x=\dimen270
\pgf@pt@y=\dimen271
\pgf@pt@temp=\dimen272
)
(/nix/store/m6l26yivppamjf4a5dwn0vlpdsl8k084-texlive-combined-full-2025-final-t
exmfdist/tex/generic/pgf/basiclayer/pgfcorequick.code.tex
File: pgfcorequick.code.tex 2025-08-29 v3.1.11a (3.1.11a)
)
(/nix/store/m6l26yivppamjf4a5dwn0vlpdsl8k084-texlive-combined-full-2025-final-t
exmfdist/tex/generic/pgf/basiclayer/pgfcoreobjects.code.tex
File: pgfcoreobjects.code.tex 2025-08-29 v3.1.11a (3.1.11a)
)
(/nix/store/m6l26yivppamjf4a5dwn0vlpdsl8k084-texlive-combined-full-2025-final-t
exmfdist/tex/generic/pgf/basiclayer/pgfcorepathprocessing.code.tex
File: pgfcorepathprocessing.code.tex 2025-08-29 v3.1.11a (3.1.11a)
)
(/nix/store/m6l26yivppamjf4a5dwn0vlpdsl8k084-texlive-combined-full-2025-final-t
exmfdist/tex/generic/pgf/basiclayer/pgfcorearrows.code.tex
File: pgfcorearrows.code.tex 2025-08-29 v3.1.11a (3.1.11a)
\pgfarrowsep=\dimen273
)
(/nix/store/m6l26yivppamjf4a5dwn0vlpdsl8k084-texlive-combined-full-2025-final-t
exmfdist/tex/generic/pgf/basiclayer/pgfcoreshade.code.tex
File: pgfcoreshade.code.tex 2025-08-29 v3.1.11a (3.1.11a)
\pgf@max=\dimen274
\pgf@sys@shading@range@num=\count318
\pgf@shadingcount=\count319
)
(/nix/store/m6l26yivppamjf4a5dwn0vlpdsl8k084-texlive-combined-full-2025-final-t
exmfdist/tex/generic/pgf/basiclayer/pgfcoreimage.code.tex
File: pgfcoreimage.code.tex 2025-08-29 v3.1.11a (3.1.11a)
)
(/nix/store/m6l26yivppamjf4a5dwn0vlpdsl8k084-texlive-combined-full-2025-final-t
exmfdist/tex/generic/pgf/basiclayer/pgfcoreexternal.code.tex
File: pgfcoreexternal.code.tex 2025-08-29 v3.1.11a (3.1.11a)
\pgfexternal@startupbox=\box67
)
(/nix/store/m6l26yivppamjf4a5dwn0vlpdsl8k084-texlive-combined-full-2025-final-t
exmfdist/tex/generic/pgf/basiclayer/pgfcorelayers.code.tex
File: pgfcorelayers.code.tex 2025-08-29 v3.1.11a (3.1.11a)
)
(/nix/store/m6l26yivppamjf4a5dwn0vlpdsl8k084-texlive-combined-full-2025-final-t
exmfdist/tex/generic/pgf/basiclayer/pgfcoretransparency.code.tex
File: pgfcoretransparency.code.tex 2025-08-29 v3.1.11a (3.1.11a)
)
(/nix/store/m6l26yivppamjf4a5dwn0vlpdsl8k084-texlive-combined-full-2025-final-t
exmfdist/tex/generic/pgf/basiclayer/pgfcorepatterns.code.tex
File: pgfcorepatterns.code.tex 2025-08-29 v3.1.11a (3.1.11a)
)
(/nix/store/m6l26yivppamjf4a5dwn0vlpdsl8k084-texlive-combined-full-2025-final-t
exmfdist/tex/generic/pgf/basiclayer/pgfcorerdf.code.tex
File: pgfcorerdf.code.tex 2025-08-29 v3.1.11a (3.1.11a)
)))
(/nix/store/m6l26yivppamjf4a5dwn0vlpdsl8k084-texlive-combined-full-2025-final-t
exmfdist/tex/latex/pgf/utilities/xxcolor.sty
Package: xxcolor 2003/10/24 ver 0.1
\XC@nummixins=\count320
\XC@countmixins=\count321
)
(/nix/store/m6l26yivppamjf4a5dwn0vlpdsl8k084-texlive-combined-full-2025-final-t
exmfdist/tex/latex/base/atbegshi-ltx.sty
Package: atbegshi-ltx 2021/01/10 v1.0c Emulation of the original atbegshi
package with kernel methods
)
(/nix/store/m6l26yivppamjf4a5dwn0vlpdsl8k084-texlive-combined-full-2025-final-t
exmfdist/tex/latex/hyperref/hyperref.sty
Package: hyperref 2026-01-29 v7.01p Hypertext links for LaTeX

(/nix/store/m6l26yivppamjf4a5dwn0vlpdsl8k084-texlive-combined-full-2025-final-t
exmfdist/tex/latex/kvsetkeys/kvsetkeys.sty
Package: kvsetkeys 2022-10-05 v1.19 Key value parser (HO)
)
(/nix/store/m6l26yivppamjf4a5dwn0vlpdsl8k084-texlive-combined-full-2025-final-t
exmfdist/tex/generic/kvdefinekeys/kvdefinekeys.sty
Package: kvdefinekeys 2019-12-19 v1.6 Define keys (HO)
)
(/nix/store/m6l26yivppamjf4a5dwn0vlpdsl8k084-texlive-combined-full-2025-final-t
exmfdist/tex/generic/pdfescape/pdfescape.sty
Package: pdfescape 2019/12/09 v1.15 Implements pdfTeX's escape features (HO)

(/nix/store/m6l26yivppamjf4a5dwn0vlpdsl8k084-texlive-combined-full-2025-final-t
exmfdist/tex/generic/ltxcmds/ltxcmds.sty
Package: ltxcmds 2023-12-04 v1.26 LaTeX kernel commands for general use (HO)
)
(/nix/store/m6l26yivppamjf4a5dwn0vlpdsl8k084-texlive-combined-full-2025-final-t
exmfdist/tex/generic/pdftexcmds/pdftexcmds.sty
Package: pdftexcmds 2020-06-27 v0.33 Utility functions of pdfTeX for LuaTeX (HO
)

(/nix/store/m6l26yivppamjf4a5dwn0vlpdsl8k084-texlive-combined-full-2025-final-t
exmfdist/tex/generic/infwarerr/infwarerr.sty
Package: infwarerr 2019/12/03 v1.5 Providing info/warning/error messages (HO)
)
Package pdftexcmds Info: \pdf@primitive is available.
Package pdftexcmds Info: \pdf@ifprimitive is available.
Package pdftexcmds Info: \pdfdraftmode found.
))
(/nix/store/m6l26yivppamjf4a5dwn0vlpdsl8k084-texlive-combined-full-2025-final-t
exmfdist/tex/latex/hycolor/hycolor.sty
Package: hycolor 2020-01-27 v1.10 Color options for hyperref/bookmark (HO)
)
(/nix/store/m6l26yivppamjf4a5dwn0vlpdsl8k084-texlive-combined-full-2025-final-t
exmfdist/tex/latex/hyperref/nameref.sty
Package: nameref 2026-01-29 v2.58 Cross-referencing by name of section

(/nix/store/m6l26yivppamjf4a5dwn0vlpdsl8k084-texlive-combined-full-2025-final-t
exmfdist/tex/latex/refcount/refcount.sty
Package: refcount 2019/12/15 v3.6 Data extraction from label references (HO)
)
(/nix/store/m6l26yivppamjf4a5dwn0vlpdsl8k084-texlive-combined-full-2025-final-t
exmfdist/tex/generic/gettitlestring/gettitlestring.sty
Package: gettitlestring 2019/12/15 v1.6 Cleanup title references (HO)

(/nix/store/m6l26yivppamjf4a5dwn0vlpdsl8k084-texlive-combined-full-2025-final-t
exmfdist/tex/latex/kvoptions/kvoptions.sty
Package: kvoptions 2022-06-15 v3.15 Key value format for package options (HO)
))
\c@section@level=\count322
)
(/nix/store/m6l26yivppamjf4a5dwn0vlpdsl8k084-texlive-combined-full-2025-final-t
exmfdist/tex/generic/stringenc/stringenc.sty
Package: stringenc 2019/11/29 v1.12 Convert strings between diff. encodings (HO
)
)
\@linkdim=\dimen275
\Hy@linkcounter=\count323
\Hy@pagecounter=\count324

(/nix/store/m6l26yivppamjf4a5dwn0vlpdsl8k084-texlive-combined-full-2025-final-t
exmfdist/tex/latex/hyperref/pd1enc.def
File: pd1enc.def 2026-01-29 v7.01p Hyperref: PDFDocEncoding definition (HO)
Now handling font encoding PD1 ...
... no UTF-8 mapping file for font encoding PD1
)
(/nix/store/m6l26yivppamjf4a5dwn0vlpdsl8k084-texlive-combined-full-2025-final-t
exmfdist/tex/generic/intcalc/intcalc.sty
Package: intcalc 2019/12/15 v1.3 Expandable calculations with integers (HO)
)
\Hy@SavedSpaceFactor=\count325

(/nix/store/m6l26yivppamjf4a5dwn0vlpdsl8k084-texlive-combined-full-2025-final-t
exmfdist/tex/latex/hyperref/puenc.def
File: puenc.def 2026-01-29 v7.01p Hyperref: PDF Unicode definition (HO)
Now handling font encoding PU ...
... no UTF-8 mapping file for font encoding PU
)
Package hyperref Info: Option `bookmarks' set `true' on input line 4072.
Package hyperref Info: Option `bookmarksopen' set `true' on input line 4072.
Package hyperref Info: Option `implicit' set `false' on input line 4072.
Package hyperref Info: Hyper figures OFF on input line 4201.
Package hyperref Info: Link nesting OFF on input line 4206.
Package hyperref Info: Hyper index ON on input line 4209.
Package hyperref Info: Plain pages OFF on input line 4216.
Package hyperref Info: Backreferencing OFF on input line 4221.
Package hyperref Info: Implicit mode OFF; no redefinition of LaTeX internals.
Package hyperref Info: Bookmarks ON on input line 4468.
\c@Hy@tempcnt=\count326

(/nix/store/m6l26yivppamjf4a5dwn0vlpdsl8k084-texlive-combined-full-2025-final-t
exmfdist/tex/latex/url/url.sty
\Urlmuskip=\muskip17
Package: url 2013/09/16  ver 3.4  Verb mode for urls, etc.
)
LaTeX Info: Redefining \url on input line 4807.
\XeTeXLinkMargin=\dimen276

(/nix/store/m6l26yivppamjf4a5dwn0vlpdsl8k084-texlive-combined-full-2025-final-t
exmfdist/tex/generic/bitset/bitset.sty
Package: bitset 2019/12/09 v1.3 Handle bit-vector datatype (HO)

(/nix/store/m6l26yivppamjf4a5dwn0vlpdsl8k084-texlive-combined-full-2025-final-t
exmfdist/tex/generic/bigintcalc/bigintcalc.sty
Package: bigintcalc 2019/12/15 v1.5 Expandable calculations on big integers (HO
)
))
\Fld@menulength=\count327
\Field@Width=\dimen277
\Fld@charsize=\dimen278
Package hyperref Info: Hyper figures OFF on input line 6084.
Package hyperref Info: Link nesting OFF on input line 6089.
Package hyperref Info: Hyper index ON on input line 6092.
Package hyperref Info: backreferencing OFF on input line 6099.
Package hyperref Info: Link coloring OFF on input line 6104.
Package hyperref Info: Link coloring with OCG OFF on input line 6109.
Package hyperref Info: PDF/A mode OFF on input line 6114.
\Hy@abspage=\count328


Package hyperref Message: Stopped early.

)
Package hyperref Info: Driver (autodetected): hpdftex.

(/nix/store/m6l26yivppamjf4a5dwn0vlpdsl8k084-texlive-combined-full-2025-final-t
exmfdist/tex/latex/hyperref/hpdftex.def
File: hpdftex.def 2026-01-29 v7.01p Hyperref driver for pdfTeX
\Fld@listcount=\count329
\c@bookmark@seq@number=\count330

(/nix/store/m6l26yivppamjf4a5dwn0vlpdsl8k084-texlive-combined-full-2025-final-t
exmfdist/tex/latex/rerunfilecheck/rerunfilecheck.sty
Package: rerunfilecheck 2025-06-21 v1.11 Rerun checks for auxiliary files (HO)

(/nix/store/m6l26yivppamjf4a5dwn0vlpdsl8k084-texlive-combined-full-2025-final-t
exmfdist/tex/generic/uniquecounter/uniquecounter.sty
Package: uniquecounter 2019/12/15 v1.4 Provide unlimited unique counter (HO)
)
Package uniquecounter Info: New unique counter `rerunfilecheck' on input line 2
84.
))
(/nix/store/m6l26yivppamjf4a5dwn0vlpdsl8k084-texlive-combined-full-2025-final-t
exmfdist/tex/latex/beamer/beamerbaserequires.sty
(/nix/store/m6l26yivppamjf4a5dwn0vlpdsl8k084-texlive-combined-full-2025-final-t
exmfdist/tex/latex/beamer/beamerbasecompatibility.sty)
(/nix/store/m6l26yivppamjf4a5dwn0vlpdsl8k084-texlive-combined-full-2025-final-t
exmfdist/tex/latex/beamer/beamerbasefont.sty
(/nix/store/m6l26yivppamjf4a5dwn0vlpdsl8k084-texlive-combined-full-2025-final-t
exmfdist/tex/latex/amsfonts/amssymb.sty
Package: amssymb 2013/01/14 v3.01 AMS font symbols

(/nix/store/m6l26yivppamjf4a5dwn0vlpdsl8k084-texlive-combined-full-2025-final-t
exmfdist/tex/latex/amsfonts/amsfonts.sty
Package: amsfonts 2013/01/14 v3.01 Basic AMSFonts support
\@emptytoks=\toks29
\symAMSa=\mathgroup4
\symAMSb=\mathgroup5
LaTeX Font Info:    Redeclaring math symbol \hbar on input line 98.
LaTeX Font Info:    Overwriting math alphabet `\mathfrak' in version `bold'
(Font)                  U/euf/m/n --> U/euf/b/n on input line 106.
))
(/nix/store/m6l26yivppamjf4a5dwn0vlpdsl8k084-texlive-combined-full-2025-final-t
exmfdist/tex/latex/sansmathaccent/sansmathaccent.sty
Package: sansmathaccent 2020/01/31

(/nix/store/m6l26yivppamjf4a5dwn0vlpdsl8k084-texlive-combined-full-2025-final-t
exmfdist/tex/latex/koma-script/scrlfile.sty
Package: scrlfile 2026/02/02 v3.49.2 KOMA-Script package (file load hooks)

(/nix/store/m6l26yivppamjf4a5dwn0vlpdsl8k084-texlive-combined-full-2025-final-t
exmfdist/tex/latex/koma-script/scrlfile-hook.sty
Package: scrlfile-hook 2026/02/02 v3.49.2 KOMA-Script package (using LaTeX hook
s)

(/nix/store/m6l26yivppamjf4a5dwn0vlpdsl8k084-texlive-combined-full-2025-final-t
exmfdist/tex/latex/koma-script/scrlogo.sty
Package: scrlogo 2026/02/02 v3.49.2 KOMA-Script package (logo)
)))))
(/nix/store/m6l26yivppamjf4a5dwn0vlpdsl8k084-texlive-combined-full-2025-final-t
exmfdist/tex/latex/beamer/beamerbasetranslator.sty
(/nix/store/m6l26yivppamjf4a5dwn0vlpdsl8k084-texlive-combined-full-2025-final-t
exmfdist/tex/latex/translator/translator.sty
Package: translator 2021-05-31 v1.12d Easy translation of strings in LaTeX
))
(/nix/store/m6l26yivppamjf4a5dwn0vlpdsl8k084-texlive-combined-full-2025-final-t
exmfdist/tex/latex/beamer/beamerbasemisc.sty)
(/nix/store/m6l26yivppamjf4a5dwn0vlpdsl8k084-texlive-combined-full-2025-final-t
exmfdist/tex/latex/beamer/beamerbasetwoscreens.sty)
(/nix/store/m6l26yivppamjf4a5dwn0vlpdsl8k084-texlive-combined-full-2025-final-t
exmfdist/tex/latex/beamer/beamerbaseoverlay.sty
\beamer@argscount=\count331
\beamer@lastskipcover=\skip52
\beamer@trivlistdepth=\count332
)
(/nix/store/m6l26yivppamjf4a5dwn0vlpdsl8k084-texlive-combined-full-2025-final-t
exmfdist/tex/latex/beamer/beamerbasetitle.sty)
(/nix/store/m6l26yivppamjf4a5dwn0vlpdsl8k084-texlive-combined-full-2025-final-t
exmfdist/tex/latex/beamer/beamerbasesection.sty
\c@lecture=\count333
\c@part=\count334
\c@section=\count335
\c@subsection=\count336
\c@subsubsection=\count337
)
(/nix/store/m6l26yivppamjf4a5dwn0vlpdsl8k084-texlive-combined-full-2025-final-t
exmfdist/tex/latex/beamer/beamerbaseframe.sty
\beamer@framebox=\box68
\beamer@frametitlebox=\box69
\beamer@zoombox=\box70
\beamer@zoomcount=\count338
\beamer@zoomframecount=\count339
\beamer@frametextheight=\dimen279
\c@subsectionslide=\count340
\beamer@frametopskip=\skip53
\beamer@framebottomskip=\skip54
\beamer@frametopskipautobreak=\skip55
\beamer@framebottomskipautobreak=\skip56
\beamer@envbody=\toks30
\framewidth=\dimen280
\c@framenumber=\count341
)
(/nix/store/m6l26yivppamjf4a5dwn0vlpdsl8k084-texlive-combined-full-2025-final-t
exmfdist/tex/latex/beamer/beamerbaseverbatim.sty
\beamer@verbatimfileout=\write4
)
(/nix/store/m6l26yivppamjf4a5dwn0vlpdsl8k084-texlive-combined-full-2025-final-t
exmfdist/tex/latex/beamer/beamerbaseframesize.sty
\beamer@splitbox=\box71
\beamer@autobreakcount=\count342
\beamer@autobreaklastheight=\dimen281
\beamer@frametitletoks=\toks31
\beamer@framesubtitletoks=\toks32
)
(/nix/store/m6l26yivppamjf4a5dwn0vlpdsl8k084-texlive-combined-full-2025-final-t
exmfdist/tex/latex/beamer/beamerbaseframecomponents.sty
\beamer@colheight=\skip57
\beamer@footins=\box72
)
(/nix/store/m6l26yivppamjf4a5dwn0vlpdsl8k084-texlive-combined-full-2025-final-t
exmfdist/tex/latex/beamer/beamerbasecolor.sty)
(/nix/store/m6l26yivppamjf4a5dwn0vlpdsl8k084-texlive-combined-full-2025-final-t
exmfdist/tex/latex/beamer/beamerbasenotes.sty
\beamer@frameboxcopy=\box73
)
(/nix/store/m6l26yivppamjf4a5dwn0vlpdsl8k084-texlive-combined-full-2025-final-t
exmfdist/tex/latex/beamer/beamerbasetoc.sty)
(/nix/store/m6l26yivppamjf4a5dwn0vlpdsl8k084-texlive-combined-full-2025-final-t
exmfdist/tex/latex/beamer/beamerbasetemplates.sty
\beamer@sbttoks=\toks33

(/nix/store/m6l26yivppamjf4a5dwn0vlpdsl8k084-texlive-combined-full-2025-final-t
exmfdist/tex/latex/beamer/beamerbaseauxtemplates.sty
(/nix/store/m6l26yivppamjf4a5dwn0vlpdsl8k084-texlive-combined-full-2025-final-t
exmfdist/tex/latex/beamer/beamerbaseboxes.sty
\bmb@box=\box74
\bmb@colorbox=\box75
\bmb@boxwidth=\dimen282
\bmb@boxheight=\dimen283
\bmb@prevheight=\dimen284
\bmb@temp=\dimen285
\bmb@dima=\dimen286
\bmb@dimb=\dimen287
\bmb@prevheight=\dimen288
)
\beamer@blockheadheight=\dimen289
))
(/nix/store/m6l26yivppamjf4a5dwn0vlpdsl8k084-texlive-combined-full-2025-final-t
exmfdist/tex/latex/beamer/beamerbaselocalstructure.sty
(/nix/store/m6l26yivppamjf4a5dwn0vlpdsl8k084-texlive-combined-full-2025-final-t
exmfdist/tex/latex/tools/enumerate.sty
Package: enumerate 2023/07/04 v3.00 enumerate extensions (DPC)
\@enLab=\toks34
)
\beamer@bibiconwidth=\skip58
\c@figure=\count343
\c@table=\count344
\abovecaptionskip=\skip59
\belowcaptionskip=\skip60
)
(/nix/store/m6l26yivppamjf4a5dwn0vlpdsl8k084-texlive-combined-full-2025-final-t
exmfdist/tex/latex/beamer/beamerbasenavigation.sty
(/nix/store/m6l26yivppamjf4a5dwn0vlpdsl8k084-texlive-combined-full-2025-final-t
exmfdist/tex/latex/beamer/beamerbasenavigationsymbols.tex)
\beamer@section@min@dim=\dimen290
)
(/nix/store/m6l26yivppamjf4a5dwn0vlpdsl8k084-texlive-combined-full-2025-final-t
exmfdist/tex/latex/beamer/beamerbasetheorems.sty
(/nix/store/m6l26yivppamjf4a5dwn0vlpdsl8k084-texlive-combined-full-2025-final-t
exmfdist/tex/latex/amsmath/amsmath.sty
Package: amsmath 2025/07/09 v2.17z AMS math features
\@mathmargin=\skip61

For additional information on amsmath, use the `?' option.

(/nix/store/m6l26yivppamjf4a5dwn0vlpdsl8k084-texlive-combined-full-2025-final-t
exmfdist/tex/latex/amsmath/amstext.sty
Package: amstext 2024/11/17 v2.01 AMS text

(/nix/store/m6l26yivppamjf4a5dwn0vlpdsl8k084-texlive-combined-full-2025-final-t
exmfdist/tex/latex/amsmath/amsgen.sty
File: amsgen.sty 1999/11/30 v2.0 generic functions
\@emptytoks=\toks35
\ex@=\dimen291
))
(/nix/store/m6l26yivppamjf4a5dwn0vlpdsl8k084-texlive-combined-full-2025-final-t
exmfdist/tex/latex/amsmath/amsbsy.sty
Package: amsbsy 1999/11/29 v1.2d Bold Symbols
\pmbraise@=\dimen292
)
(/nix/store/m6l26yivppamjf4a5dwn0vlpdsl8k084-texlive-combined-full-2025-final-t
exmfdist/tex/latex/amsmath/amsopn.sty
Package: amsopn 2022/04/08 v2.04 operator names
)
\inf@bad=\count345
LaTeX Info: Redefining \frac on input line 233.
\uproot@=\count346
\leftroot@=\count347
LaTeX Info: Redefining \overline on input line 398.
LaTeX Info: Redefining \colon on input line 409.
\classnum@=\count348
\DOTSCASE@=\count349
LaTeX Info: Redefining \ldots on input line 495.
LaTeX Info: Redefining \dots on input line 498.
LaTeX Info: Redefining \cdots on input line 619.
\Mathstrutbox@=\box76
\strutbox@=\box77
LaTeX Info: Redefining \big on input line 721.
LaTeX Info: Redefining \Big on input line 722.
LaTeX Info: Redefining \bigg on input line 723.
LaTeX Info: Redefining \Bigg on input line 724.
\big@size=\dimen293
LaTeX Font Info:    Redeclaring font encoding OML on input line 742.
LaTeX Font Info:    Redeclaring font encoding OMS on input line 743.
\macc@depth=\count350
LaTeX Info: Redefining \bmod on input line 904.
LaTeX Info: Redefining \pmod on input line 909.
LaTeX Info: Redefining \smash on input line 939.
LaTeX Info: Redefining \relbar on input line 969.
LaTeX Info: Redefining \Relbar on input line 970.
\c@MaxMatrixCols=\count351
\dotsspace@=\muskip18
\c@parentequation=\count352
\dspbrk@lvl=\count353
\tag@help=\toks36
\row@=\count354
\column@=\count355
\maxfields@=\count356
\andhelp@=\toks37
\eqnshift@=\dimen294
\alignsep@=\dimen295
\tagshift@=\dimen296
\tagwidth@=\dimen297
\totwidth@=\dimen298
\lineht@=\dimen299
\@envbody=\toks38
\multlinegap=\skip62
\multlinetaggap=\skip63
\mathdisplay@stack=\toks39
LaTeX Info: Redefining \[ on input line 2950.
LaTeX Info: Redefining \] on input line 2951.
)
(/nix/store/m6l26yivppamjf4a5dwn0vlpdsl8k084-texlive-combined-full-2025-final-t
exmfdist/tex/latex/amscls/amsthm.sty
Package: amsthm 2020/05/29 v2.20.6
\thm@style=\toks40
\thm@bodyfont=\toks41
\thm@headfont=\toks42
\thm@notefont=\toks43
\thm@headpunct=\toks44
\thm@preskip=\skip64
\thm@postskip=\skip65
\thm@headsep=\skip66
\dth@everypar=\toks45
)
\c@theorem=\count357
)
(/nix/store/m6l26yivppamjf4a5dwn0vlpdsl8k084-texlive-combined-full-2025-final-t
exmfdist/tex/latex/beamer/beamerbasethemes.sty))
(/nix/store/m6l26yivppamjf4a5dwn0vlpdsl8k084-texlive-combined-full-2025-final-t
exmfdist/tex/latex/beamer/beamerthemedefault.sty
(/nix/store/m6l26yivppamjf4a5dwn0vlpdsl8k084-texlive-combined-full-2025-final-t
exmfdist/tex/latex/beamer/beamerfontthemedefault.sty)
(/nix/store/m6l26yivppamjf4a5dwn0vlpdsl8k084-texlive-combined-full-2025-final-t
exmfdist/tex/latex/beamer/beamercolorthemedefault.sty)
(/nix/store/m6l26yivppamjf4a5dwn0vlpdsl8k084-texlive-combined-full-2025-final-t
exmfdist/tex/latex/beamer/beamerinnerthemedefault.sty
\beamer@dima=\dimen300
\beamer@dimb=\dimen301
)
(/nix/store/m6l26yivppamjf4a5dwn0vlpdsl8k084-texlive-combined-full-2025-final-t
exmfdist/tex/latex/beamer/beamerouterthemedefault.sty)))
(/nix/store/m6l26yivppamjf4a5dwn0vlpdsl8k084-texlive-combined-full-2025-final-t
exmfdist/tex/latex/base/fontenc.sty
Package: fontenc 2025/07/18 v2.1d Standard LaTeX package
)
(/nix/store/m6l26yivppamjf4a5dwn0vlpdsl8k084-texlive-combined-full-2025-final-t
exmfdist/tex/generic/babel/babel.sty
Package: babel 2026/02/14 v26.3 The multilingual framework for LuaLaTeX, pdfLaT
eX and XeLaTeX
\babel@savecnt=\count358
LaTeX Encoding Info:    Redeclaring text command \ij (encoding OT1) on input li
ne 2078.
LaTeX Encoding Info:    Redeclaring text command \IJ (encoding OT1) on input li
ne 2080.
LaTeX Encoding Info:    Redeclaring text command \ij (encoding T1) on input lin
e 2082.
LaTeX Encoding Info:    Redeclaring text command \IJ (encoding T1) on input lin
e 2083.
LaTeX Encoding Info:    Ignoring declaration for text command \ij (encoding ?) 
on input line 2084.
LaTeX Encoding Info:    Ignoring declaration for text command \IJ (encoding ?) 
on input line 2086.
LaTeX Encoding Info:    Ignoring declaration for text command \SS (encoding ?) 
on input line 2111.
\U@D=\dimen302
\l@unhyphenated=\language90

(/nix/store/m6l26yivppamjf4a5dwn0vlpdsl8k084-texlive-combined-full-2025-final-t
exmfdist/tex/generic/babel/txtbabel.def)
\bbl@readstream=\read3
LaTeX Info: Redefining \textlatin on input line 3974.
\bbl@dirlevel=\count359

(/nix/store/m6l26yivppamjf4a5dwn0vlpdsl8k084-texlive-combined-full-2025-final-t
exmfdist/tex/generic/babel/locale/invalid/babel-brazil.tex)

Package babel Warning: Name 'brazil' is deprecated.
(babel)                Use 'brazilian' instead.
(babel)                Reported on input line 4330.

Package babel Info: Importing font and identification data for brazil
(babel)             from babel-pt-BR.ini. Reported on input line 4330.

(/nix/store/m6l26yivppamjf4a5dwn0vlpdsl8k084-texlive-combined-full-2025-final-t
exmfdist/tex/generic/babel-portuges/brazilian.ldf
Language: portuges 2026/01/24 v1.2u Portuguese support from the babel system
Package babel Info: Hyphen rules for 'brazil' set to \l@portuguese
(babel)             (\language72). Reported on input line 100.
Package babel Info: Making " an active character on input line 132.
))
(/nix/store/m6l26yivppamjf4a5dwn0vlpdsl8k084-texlive-combined-full-2025-final-t
exmfdist/tex/latex/base/inputenc.sty
Package: inputenc 2024/02/08 v1.3d Input encoding file
\inpenc@prehook=\toks46
\inpenc@posthook=\toks47
) (./beamerthemeInf.sty
(/nix/store/m6l26yivppamjf4a5dwn0vlpdsl8k084-texlive-combined-full-2025-final-t
exmfdist/tex/latex/pgf/basiclayer/pgf.sty
Package: pgf 2025-08-29 v3.1.11a (3.1.11a)

(/nix/store/m6l26yivppamjf4a5dwn0vlpdsl8k084-texlive-combined-full-2025-final-t
exmfdist/tex/generic/pgf/modules/pgfmoduleshapes.code.tex
File: pgfmoduleshapes.code.tex 2025-08-29 v3.1.11a (3.1.11a)
\pgfnodeparttextbox=\box78
)
(/nix/store/m6l26yivppamjf4a5dwn0vlpdsl8k084-texlive-combined-full-2025-final-t
exmfdist/tex/generic/pgf/modules/pgfmoduleplot.code.tex
File: pgfmoduleplot.code.tex 2025-08-29 v3.1.11a (3.1.11a)
)
(/nix/store/m6l26yivppamjf4a5dwn0vlpdsl8k084-texlive-combined-full-2025-final-t
exmfdist/tex/latex/pgf/compatibility/pgfcomp-version-0-65.sty
Package: pgfcomp-version-0-65 2025-08-29 v3.1.11a (3.1.11a)
\pgf@nodesepstart=\dimen303
\pgf@nodesepend=\dimen304
)
(/nix/store/m6l26yivppamjf4a5dwn0vlpdsl8k084-texlive-combined-full-2025-final-t
exmfdist/tex/latex/pgf/compatibility/pgfcomp-version-1-18.sty
Package: pgfcomp-version-1-18 2025-08-29 v3.1.11a (3.1.11a)
))
(/nix/store/m6l26yivppamjf4a5dwn0vlpdsl8k084-texlive-combined-full-2025-final-t
exmfdist/tex/latex/textcase/textcase.sty
Package: textcase 2025/02/16 v1.05 Text only upper/lower case changing (DPC)
Package textcase Info: Defining Legacy names on input line 20.
)
(/nix/store/m6l26yivppamjf4a5dwn0vlpdsl8k084-texlive-combined-full-2025-final-t
exmfdist/tex/latex/base/ifthen.sty
Package: ifthen 2024/03/16 v1.1e Standard LaTeX ifthen package (DPC)
)
(/nix/store/m6l26yivppamjf4a5dwn0vlpdsl8k084-texlive-combined-full-2025-final-t
exmfdist/tex/latex/microtype/microtype.sty
Package: microtype 2026/03/01 v3.2d Micro-typographical refinements (RS)
\MT@toks=\toks48
\MT@tempbox=\box79
\MT@count=\count360
LaTeX Info: Redefining \noprotrusionifhmode on input line 1084.
LaTeX Info: Redefining \leftprotrusion on input line 1085.
\MT@prot@toks=\toks49
LaTeX Info: Redefining \rightprotrusion on input line 1104.
LaTeX Info: Redefining \textls on input line 1449.
\MT@outer@kern=\dimen305
LaTeX Info: Redefining \microtypecontext on input line 2053.
LaTeX Info: Redefining \textmicrotypecontext on input line 2070.
\MT@listname@count=\count361

(/nix/store/m6l26yivppamjf4a5dwn0vlpdsl8k084-texlive-combined-full-2025-final-t
exmfdist/tex/latex/microtype/microtype-pdftex.def
File: microtype-pdftex.def 2026/03/01 v3.2d Definitions specific to pdftex (RS)

LaTeX Info: Redefining \lsstyle on input line 944.
LaTeX Info: Redefining \lslig on input line 944.
\MT@outer@space=\skip67
)
Package microtype Info: Loading configuration file microtype.cfg.

(/nix/store/m6l26yivppamjf4a5dwn0vlpdsl8k084-texlive-combined-full-2025-final-t
exmfdist/tex/latex/microtype/microtype.cfg
File: microtype.cfg 2026/03/01 v3.2d microtype main configuration file (RS)
)
LaTeX Info: Redefining \microtypesetup on input line 3065.
)
(/nix/store/m6l26yivppamjf4a5dwn0vlpdsl8k084-texlive-combined-full-2025-final-t
exmfdist/tex/latex/ifsym/ifsym.sty
Package: ifsym 2000/04/18 I.Kloeckl

(/nix/store/m6l26yivppamjf4a5dwn0vlpdsl8k084-texlive-combined-full-2025-final-t
exmfdist/tex/latex/tools/calc.sty
Package: calc 2025/03/01 v4.3b Infix arithmetic (KKT,FJ)
\calc@Acount=\count362
\calc@Bcount=\count363
\calc@Adimen=\dimen306
\calc@Bdimen=\dimen307
\calc@Askip=\skip68
\calc@Bskip=\skip69
LaTeX Info: Redefining \setlength on input line 86.
LaTeX Info: Redefining \addtolength on input line 87.
\calc@Ccount=\count364
\calc@Cskip=\skip70
)
\c@ifsymcnt=\count365
)
(/nix/store/m6l26yivppamjf4a5dwn0vlpdsl8k084-texlive-combined-full-2025-final-t
exmfdist/tex/latex/lm/lmodern.sty
Package: lmodern 2015/05/01 v1.6.1 Latin Modern Fonts
LaTeX Font Info:    Overwriting symbol font `operators' in version `normal'
(Font)                  OT1/cmr/m/n --> OT1/lmr/m/n on input line 22.
LaTeX Font Info:    Overwriting symbol font `letters' in version `normal'
(Font)                  OML/cmm/m/it --> OML/lmm/m/it on input line 23.
LaTeX Font Info:    Overwriting symbol font `symbols' in version `normal'
(Font)                  OMS/cmsy/m/n --> OMS/lmsy/m/n on input line 24.
LaTeX Font Info:    Overwriting symbol font `largesymbols' in version `normal'
(Font)                  OMX/cmex/m/n --> OMX/lmex/m/n on input line 25.
LaTeX Font Info:    Overwriting symbol font `operators' in version `bold'
(Font)                  OT1/cmr/bx/n --> OT1/lmr/bx/n on input line 26.
LaTeX Font Info:    Overwriting symbol font `letters' in version `bold'
(Font)                  OML/cmm/b/it --> OML/lmm/b/it on input line 27.
LaTeX Font Info:    Overwriting symbol font `symbols' in version `bold'
(Font)                  OMS/cmsy/b/n --> OMS/lmsy/b/n on input line 28.
LaTeX Font Info:    Overwriting symbol font `largesymbols' in version `bold'
(Font)                  OMX/cmex/m/n --> OMX/lmex/m/n on input line 29.
LaTeX Font Info:    Overwriting math alphabet `\mathbf' in version `normal'
(Font)                  OT1/cmr/bx/n --> OT1/lmr/bx/n on input line 31.
LaTeX Font Info:    Overwriting math alphabet `\mathsf' in version `normal'
(Font)                  OT1/cmss/m/n --> OT1/lmss/m/n on input line 32.
LaTeX Font Info:    Overwriting math alphabet `\mathit' in version `normal'
(Font)                  OT1/cmr/m/it --> OT1/lmr/m/it on input line 33.
LaTeX Font Info:    Overwriting math alphabet `\mathtt' in version `normal'
(Font)                  OT1/cmtt/m/n --> OT1/lmtt/m/n on input line 34.
LaTeX Font Info:    Overwriting math alphabet `\mathbf' in version `bold'
(Font)                  OT1/cmr/bx/n --> OT1/lmr/bx/n on input line 35.
LaTeX Font Info:    Overwriting math alphabet `\mathsf' in version `bold'
(Font)                  OT1/cmss/bx/n --> OT1/lmss/bx/n on input line 36.
LaTeX Font Info:    Overwriting math alphabet `\mathit' in version `bold'
(Font)                  OT1/cmr/bx/it --> OT1/lmr/bx/it on input line 37.
LaTeX Font Info:    Overwriting math alphabet `\mathtt' in version `bold'
(Font)                  OT1/cmtt/m/n --> OT1/lmtt/m/n on input line 38.
)
(/nix/store/m6l26yivppamjf4a5dwn0vlpdsl8k084-texlive-combined-full-2025-final-t
exmfdist/tex/latex/setspace/setspace.sty
Package: setspace 2022/12/04 v6.7b set line spacing
)
\InfOutterTitleWidth=\skip71
\InfOutterTitleRightMargin=\skip72
\InfOutterTitleBottomMargin=\skip73
\InfOutterFrametitleWidth=\skip74

(/nix/store/m6l26yivppamjf4a5dwn0vlpdsl8k084-texlive-combined-full-2025-final-t
exmfdist/tex/latex/beamer/beamerfontthemeprofessionalfonts.sty)
\InfOutterFrameLeftMargin=\skip75
)
LaTeX Font Info:    Trying to load font information for T1+lmss on input line 4
9.

(/nix/store/m6l26yivppamjf4a5dwn0vlpdsl8k084-texlive-combined-full-2025-final-t
exmfdist/tex/latex/lm/t1lmss.fd
File: t1lmss.fd 2015/05/01 v1.6.1 Font defs for Latin Modern
)
(/nix/store/m6l26yivppamjf4a5dwn0vlpdsl8k084-texlive-combined-full-2025-final-t
exmfdist/tex/latex/l3backend/l3backend-pdftex.def
File: l3backend-pdftex.def 2025-10-09 L3 backend support: PDF output (pdfTeX)
\l__color_backend_stack_int=\count366
) (./apresentacao.aux
Package babel Info: 'brazil' activates 'portuges' shorthands.
(babel)             Reported on input line 8.
)
\openout1 = `apresentacao.aux'.

LaTeX Font Info:    Checking defaults for OML/cmm/m/it on input line 49.
LaTeX Font Info:    ... okay on input line 49.
LaTeX Font Info:    Checking defaults for OMS/cmsy/m/n on input line 49.
LaTeX Font Info:    ... okay on input line 49.
LaTeX Font Info:    Checking defaults for OT1/cmr/m/n on input line 49.
LaTeX Font Info:    ... okay on input line 49.
LaTeX Font Info:    Checking defaults for T1/cmr/m/n on input line 49.
LaTeX Font Info:    ... okay on input line 49.
LaTeX Font Info:    Checking defaults for TS1/cmr/m/n on input line 49.
LaTeX Font Info:    ... okay on input line 49.
LaTeX Font Info:    Checking defaults for OMX/cmex/m/n on input line 49.
LaTeX Font Info:    ... okay on input line 49.
LaTeX Font Info:    Checking defaults for U/cmr/m/n on input line 49.
LaTeX Font Info:    ... okay on input line 49.
LaTeX Font Info:    Checking defaults for PD1/pdf/m/n on input line 49.
LaTeX Font Info:    ... okay on input line 49.
LaTeX Font Info:    Checking defaults for PU/pdf/m/n on input line 49.
LaTeX Font Info:    ... okay on input line 49.

*geometry* driver: auto-detecting
*geometry* detected driver: pdftex
*geometry* verbose mode - [ preamble ] result:
* driver: pdftex
* paper: custom
* layout: <same size as paper>
* layoutoffset:(h,v)=(0.0pt,0.0pt)
* modes: includehead includefoot 
* h-part:(L,W,R)=(28.45274pt, 398.3386pt, 28.45274pt)
* v-part:(T,H,B)=(0.0pt, 256.0748pt, 0.0pt)
* \paperwidth=455.24408pt
* \paperheight=256.0748pt
* \textwidth=398.3386pt
* \textheight=227.62207pt
* \oddsidemargin=-43.81725pt
* \evensidemargin=-43.81725pt
* \topmargin=-72.26999pt
* \headheight=14.22636pt
* \headsep=0.0pt
* \topskip=11.0pt
* \footskip=14.22636pt
* \marginparwidth=4.0pt
* \marginparsep=10.0pt
* \columnsep=10.0pt
* \skip\footins=10.0pt plus 4.0pt minus 2.0pt
* \hoffset=0.0pt
* \voffset=0.0pt
* \mag=1000
* \@twocolumnfalse
* \@twosidefalse
* \@mparswitchfalse
* \@reversemarginfalse
* (1in=72.27pt=25.4mm, 1cm=28.453pt)


(/nix/store/m6l26yivppamjf4a5dwn0vlpdsl8k084-texlive-combined-full-2025-final-t
exmfdist/tex/context/base/mkii/supp-pdf.mkii
[Loading MPS to PDF converter (version 2006.09.02).]
\scratchcounter=\count367
\scratchdimen=\dimen308
\scratchbox=\box80
\nofMPsegments=\count368
\nofMParguments=\count369
\everyMPshowfont=\toks50
\MPscratchCnt=\count370
\MPscratchDim=\dimen309
\MPnumerator=\count371
\makeMPintoPDFobject=\count372
\everyMPtoPDFconversion=\toks51
)
(/nix/store/m6l26yivppamjf4a5dwn0vlpdsl8k084-texlive-combined-full-2025-final-t
exmfdist/tex/latex/epstopdf-pkg/epstopdf-base.sty
Package: epstopdf-base 2020-01-24 v2.11 Base part for package epstopdf
Package epstopdf-base Info: Redefining graphics rule for `.eps' on input line 4
85.

(/nix/store/m6l26yivppamjf4a5dwn0vlpdsl8k084-texlive-combined-full-2025-final-t
exmfdist/tex/latex/latexconfig/epstopdf-sys.cfg
File: epstopdf-sys.cfg 2010/07/13 v1.3 Configuration of (r)epstopdf for TeX Liv
e
))
Package hyperref Info: Link coloring OFF on input line 49.
 (./apresentacao.out)
(./apresentacao.out)
\@outlinefile=\write5
\openout5 = `apresentacao.out'.


(/nix/store/m6l26yivppamjf4a5dwn0vlpdsl8k084-texlive-combined-full-2025-final-t
exmfdist/tex/latex/translator/translator-basic-dictionary-English.dict
Dictionary: translator-basic-dictionary, Language: English 
)
(/nix/store/m6l26yivppamjf4a5dwn0vlpdsl8k084-texlive-combined-full-2025-final-t
exmfdist/tex/latex/translator/translator-bibliography-dictionary-English.dict
Dictionary: translator-bibliography-dictionary, Language: English 
)
(/nix/store/m6l26yivppamjf4a5dwn0vlpdsl8k084-texlive-combined-full-2025-final-t
exmfdist/tex/latex/translator/translator-environment-dictionary-English.dict
Dictionary: translator-environment-dictionary, Language: English 
)
(/nix/store/m6l26yivppamjf4a5dwn0vlpdsl8k084-texlive-combined-full-2025-final-t
exmfdist/tex/latex/translator/translator-months-dictionary-English.dict
Dictionary: translator-months-dictionary, Language: English 
)
(/nix/store/m6l26yivppamjf4a5dwn0vlpdsl8k084-texlive-combined-full-2025-final-t
exmfdist/tex/latex/translator/translator-numbers-dictionary-English.dict
Dictionary: translator-numbers-dictionary, Language: English 
)
(/nix/store/m6l26yivppamjf4a5dwn0vlpdsl8k084-texlive-combined-full-2025-final-t
exmfdist/tex/latex/translator/translator-theorem-dictionary-English.dict
Dictionary: translator-theorem-dictionary, Language: English 
)
LaTeX Info: Redefining \microtypecontext on input line 49.
Package microtype Info: Applying patch `item' on input line 49.
Package microtype Info: Applying patch `toc' on input line 49.
Package microtype Info: Applying patch `eqnum' on input line 49.
Package microtype Info: Applying patch `footnote' on input line 49.
Package microtype Info: Applying patch `verbatim' on input line 49.
LaTeX Info: Redefining \microtypesetup on input line 49.
Package microtype Info: Generating PDF output.
Package microtype Info: Character protrusion enabled (level 2).
Package microtype Info: Using default protrusion set `alltext'.
Package microtype Info: Automatic font expansion enabled (level 2),
(microtype)             stretch: 20, shrink: 20, step: 1, non-selected.
Package microtype Info: Using default expansion set `alltext-nott'.
Package microtype Info: Patching command `\showhyphens'.
Package microtype Info: Tracking enabled.
Package microtype Info: Using default tracking set `smallcaps'.
Package microtype Info: No adjustment of interword spacing.
Package microtype Info: No adjustment of character kerning.
Package microtype Info: Loading generic protrusion settings for font family
(microtype)             `lmss' (encoding: T1).
(microtype)             For optimal results, create family-specific settings.
(microtype)             See the microtype manual for details.

(./apresentacao.nav)
Overfull \hbox (2.12503pt too wide) in paragraph at lines 49--49
[][] 
 []


Package microtype Warning: tracking amount list `apresentacao.tex/49' will
(microtype)                override list `default' for 
(microtype)                font `OT1////' on input line 49.

LaTeX Font Info:    Trying to load font information for T1+phv on input line 49
.

(/nix/store/m6l26yivppamjf4a5dwn0vlpdsl8k084-texlive-combined-full-2025-final-t
exmfdist/tex/latex/psnfss/t1phv.fd
File: t1phv.fd 2020/03/25 scalable font definitions for T1/phv.
)
Package microtype Info: Loading generic protrusion settings for font family
(microtype)             `phv' (encoding: T1).
(microtype)             For optimal results, create family-specific settings.
(microtype)             See the microtype manual for details.
LaTeX Font Info:    Calculating math sizes for size <80> on input line 49.
LaTeX Font Info:    Trying to load font information for OT1+lmr on input line 4
9.

(/nix/store/m6l26yivppamjf4a5dwn0vlpdsl8k084-texlive-combined-full-2025-final-t
exmfdist/tex/latex/lm/ot1lmr.fd
File: ot1lmr.fd 2015/05/01 v1.6.1 Font defs for Latin Modern
)
(/nix/store/m6l26yivppamjf4a5dwn0vlpdsl8k084-texlive-combined-full-2025-final-t
exmfdist/tex/latex/microtype/mt-cmr.cfg
File: mt-cmr.cfg 2013/05/19 v2.2 microtype config. file: Computer Modern Roman 
(RS)
)
LaTeX Font Info:    Trying to load font information for OML+lmm on input line 4
9.

(/nix/store/m6l26yivppamjf4a5dwn0vlpdsl8k084-texlive-combined-full-2025-final-t
exmfdist/tex/latex/lm/omllmm.fd
File: omllmm.fd 2015/05/01 v1.6.1 Font defs for Latin Modern
)
LaTeX Font Info:    Trying to load font information for OMS+lmsy on input line 
49.

(/nix/store/m6l26yivppamjf4a5dwn0vlpdsl8k084-texlive-combined-full-2025-final-t
exmfdist/tex/latex/lm/omslmsy.fd
File: omslmsy.fd 2015/05/01 v1.6.1 Font defs for Latin Modern
)
LaTeX Font Info:    Trying to load font information for OMX+lmex on input line 
49.

(/nix/store/m6l26yivppamjf4a5dwn0vlpdsl8k084-texlive-combined-full-2025-final-t
exmfdist/tex/latex/lm/omxlmex.fd
File: omxlmex.fd 2015/05/01 v1.6.1 Font defs for Latin Modern
)
LaTeX Font Info:    External font `lmex10' loaded for size
(Font)              <80> on input line 49.
LaTeX Font Info:    External font `lmex10' loaded for size
(Font)              <55.99976> on input line 49.
LaTeX Font Info:    External font `lmex10' loaded for size
(Font)              <40> on input line 49.
LaTeX Font Info:    Trying to load font information for U+msa on input line 49.


(/nix/store/m6l26yivppamjf4a5dwn0vlpdsl8k084-texlive-combined-full-2025-final-t
exmfdist/tex/latex/amsfonts/umsa.fd
File: umsa.fd 2013/01/14 v3.01 AMS symbols A
)
(/nix/store/m6l26yivppamjf4a5dwn0vlpdsl8k084-texlive-combined-full-2025-final-t
exmfdist/tex/latex/microtype/mt-msa.cfg
File: mt-msa.cfg 2006/02/04 v1.1 microtype config. file: AMS symbols (a) (RS)
)
LaTeX Font Info:    Trying to load font information for U+msb on input line 49.


(/nix/store/m6l26yivppamjf4a5dwn0vlpdsl8k084-texlive-combined-full-2025-final-t
exmfdist/tex/latex/amsfonts/umsb.fd
File: umsb.fd 2013/01/14 v3.01 AMS symbols B
)
(/nix/store/m6l26yivppamjf4a5dwn0vlpdsl8k084-texlive-combined-full-2025-final-t
exmfdist/tex/latex/microtype/mt-msb.cfg
File: mt-msb.cfg 2005/06/01 v1.0 microtype config. file: AMS symbols (b) (RS)
)
Overfull \hbox (2.12503pt too wide) in paragraph at lines 51--51
[][] 
 []


Package microtype Warning: tracking amount list `apresentacao.tex/51' will
(microtype)                override list `apresentacao.tex/49' for 
(microtype)                font `OT1////' on input line 51.

<inf-logo-dark.pdf, id=25, 701.84395pt x 389.02475pt>
File: inf-logo-dark.pdf Graphic file (type pdf)
<use inf-logo-dark.pdf>
Package pdftex.def Info: inf-logo-dark.pdf  used on input line 51.
(pdftex.def)             Requested size: 136.5746pt x 75.70221pt.
<EE-White.png, id=26, 2007.5pt x 2007.5pt>
File: EE-White.png Graphic file (type png)
<use EE-White.png>
Package pdftex.def Info: EE-White.png  used on input line 51.
(pdftex.def)             Requested size: 80.0pt x 79.98pt.

Overfull \hbox (3.65pt too wide) in paragraph at lines 51--51
 [][]  
 []

[1

{/nix/store/hn7qnzrgqndprkaz0zb46l7l45zshd7i-texlive-combined-full-2025-final/s
hare/texmf-var/fonts/map/pdftex/updmap/pdftex.map}{/nix/store/m6l26yivppamjf4a5
dwn0vlpdsl8k084-texlive-combined-full-2025-final-texmfdist/fonts/enc/dvips/lm/l
m-ec.enc} <./inf-logo-dark.pdf> <./EE-white.png>]
Overfull \hbox (2.12503pt too wide) in paragraph at lines 55--55
[][] 
 []


Package microtype Warning: tracking amount list `apresentacao.tex/55' will
(microtype)                override list `apresentacao.tex/51' for 
(microtype)                font `OT1////' on input line 55.

LaTeX Font Info:    Trying to load font information for TS1+lmss on input line 
69.

(/nix/store/m6l26yivppamjf4a5dwn0vlpdsl8k084-texlive-combined-full-2025-final-t
exmfdist/tex/latex/lm/ts1lmss.fd
File: ts1lmss.fd 2015/05/01 v1.6.1 Font defs for Latin Modern
)
Package microtype Info: Loading generic protrusion settings for font family
(microtype)             `lmss' (encoding: TS1).
(microtype)             For optimal results, create family-specific settings.
(microtype)             See the microtype manual for details.
LaTeX Font Info:    External font `lmex10' loaded for size
(Font)              <10.95> on input line 69.
LaTeX Font Info:    External font `lmex10' loaded for size
(Font)              <8> on input line 69.
LaTeX Font Info:    External font `lmex10' loaded for size
(Font)              <6> on input line 69.

Overfull \hbox (164.42094pt too wide) in paragraph at lines 69--69
[][] 
 []

LaTeX Font Info:    External font `lmex10' loaded for size
(Font)              <9> on input line 69.
LaTeX Font Info:    External font `lmex10' loaded for size
(Font)              <5> on input line 69.

Package microtype Warning: tracking amount list `apresentacao.tex/69' will
(microtype)                override list `apresentacao.tex/55' for 
(microtype)                font `OT1////' on input line 69.


Overfull \hbox (2.12503pt too wide) has occurred while \output is active
[][] 
 []

[2{/nix/store/m6l26yivppamjf4a5dwn0vlpdsl8k084-texlive-combined-full-2025-final
-texmfdist/fonts/enc/dvips/base/8r.enc}

{/nix/store/m6l26yivppamjf4a5dwn0vlpdsl8k084-texlive-combined-full-2025-final-t
exmfdist/fonts/enc/dvips/lm/lm-ts1.enc}{/nix/store/m6l26yivppamjf4a5dwn0vlpdsl8
k084-texlive-combined-full-2025-final-texmfdist/fonts/enc/dvips/lm/lm-mathit.en
c}{/nix/store/m6l26yivppamjf4a5dwn0vlpdsl8k084-texlive-combined-full-2025-final
-texmfdist/fonts/enc/dvips/lm/lm-rm.enc}{/nix/store/m6l26yivppamjf4a5dwn0vlpdsl
8k084-texlive-combined-full-2025-final-texmfdist/fonts/enc/dvips/lm/lm-mathsy.e
nc}]
Overfull \hbox (2.12503pt too wide) in paragraph at lines 72--72
[][] 
 []


Package microtype Warning: tracking amount list `apresentacao.tex/72' will
(microtype)                override list `apresentacao.tex/69' for 
(microtype)                font `OT1////' on input line 72.

<placa_mae.png, id=52, 464.73625pt x 273.02pt>
File: placa_mae.png Graphic file (type png)
<use placa_mae.png>
Package pdftex.def Info: placa_mae.png  used on input line 89.
(pdftex.def)             Requested size: 199.1693pt x 117.0047pt.

Overfull \hbox (164.42094pt too wide) in paragraph at lines 89--89
[][] 
 []


Package microtype Warning: tracking amount list `apresentacao.tex/89' will
(microtype)                override list `apresentacao.tex/72' for 
(microtype)                font `OT1////' on input line 89.


Overfull \hbox (2.12503pt too wide) has occurred while \output is active
[][] 
 []

[3

 <./placa_mae.png>]
Overfull \hbox (2.12503pt too wide) in paragraph at lines 93--93
[][] 
 []


Package microtype Warning: tracking amount list `apresentacao.tex/93' will
(microtype)                override list `apresentacao.tex/89' for 
(microtype)                font `OT1////' on input line 93.

LaTeX Font Info:    External font `lmex10' loaded for size
(Font)              <10> on input line 114.
LaTeX Font Info:    External font `lmex10' loaded for size
(Font)              <7> on input line 114.
<bash_run.png, id=59, 627.34375pt x 316.18124pt>
File: bash_run.png Graphic file (type png)
<use bash_run.png>
Package pdftex.def Info: bash_run.png  used on input line 114.
(pdftex.def)             Requested size: 199.1693pt x 100.37918pt.

Overfull \hbox (164.42094pt too wide) in paragraph at lines 114--114
[][] 
 []


Package microtype Warning: tracking amount list `apresentacao.tex/114' will
(microtype)                override list `apresentacao.tex/93' for 
(microtype)                font `OT1////' on input line 114.


Overfull \hbox (2.12503pt too wide) has occurred while \output is active
[][] 
 []

[4

 <./bash_run.png>]
Overfull \hbox (2.12503pt too wide) in paragraph at lines 116--116
[][] 
 []


Package microtype Warning: tracking amount list `apresentacao.tex/116' will
(microtype)                override list `apresentacao.tex/114' for 
(microtype)                font `OT1////' on input line 116.


Overfull \hbox (164.42094pt too wide) in paragraph at lines 156--156
[][] 
 []


Package microtype Warning: tracking amount list `apresentacao.tex/156' will
(microtype)                override list `apresentacao.tex/116' for 
(microtype)                font `OT1////' on input line 156.


Overfull \hbox (2.12503pt too wide) has occurred while \output is active
[][] 
 []

[5

]
Overfull \hbox (2.12503pt too wide) in paragraph at lines 160--160
[][] 
 []


Package microtype Warning: tracking amount list `apresentacao.tex/160' will
(microtype)                override list `apresentacao.tex/156' for 
(microtype)                font `OT1////' on input line 160.

<chen.png, id=72, 632.3625pt x 513.92pt>
File: chen.png Graphic file (type png)
<use chen.png>
Package pdftex.def Info: chen.png  used on input line 174.
(pdftex.def)             Requested size: 199.1693pt x 161.86212pt.
<serial_time.png, id=73, 462.528pt x 346.896pt>
File: serial_time.png Graphic file (type png)
<use serial_time.png>
Package pdftex.def Info: serial_time.png  used on input line 174.
(pdftex.def)             Requested size: 199.1693pt x 149.37938pt.

Overfull \hbox (164.42094pt too wide) in paragraph at lines 174--174
[][] 
 []


Overfull \vbox (10.2191pt too high) detected at line 174
 []


Package microtype Warning: tracking amount list `apresentacao.tex/174' will
(microtype)                override list `apresentacao.tex/160' for 
(microtype)                font `OT1////' on input line 174.


Overfull \hbox (2.12503pt too wide) has occurred while \output is active
[][] 
 []

[6

 <./chen.png> <./serial_time.png>]
Overfull \hbox (2.12503pt too wide) in paragraph at lines 176--176
[][] 
 []


Package microtype Warning: tracking amount list `apresentacao.tex/176' will
(microtype)                override list `apresentacao.tex/174' for 
(microtype)                font `OT1////' on input line 176.

<threads_time.png, id=81, 462.528pt x 346.896pt>
File: threads_time.png Graphic file (type png)
<use threads_time.png>
Package pdftex.def Info: threads_time.png  used on input line 181.
(pdftex.def)             Requested size: 275.0pt x 206.2601pt.

Overfull \hbox (164.42094pt too wide) in paragraph at lines 181--181
[][] 
 []


Overfull \vbox (12.67265pt too high) detected at line 181
 []


Package microtype Warning: tracking amount list `apresentacao.tex/181' will
(microtype)                override list `apresentacao.tex/176' for 
(microtype)                font `OT1////' on input line 181.


Overfull \hbox (2.12503pt too wide) has occurred while \output is active
[][] 
 []

[7

 <./threads_time.png>]
Overfull \hbox (2.12503pt too wide) in paragraph at lines 183--183
[][] 
 []


Package microtype Warning: tracking amount list `apresentacao.tex/183' will
(microtype)                override list `apresentacao.tex/181' for 
(microtype)                font `OT1////' on input line 183.

<threads_speedup.png, id=89, 1445.4pt x 722.7pt>
File: threads_speedup.png Graphic file (type png)
<use threads_speedup.png>
Package pdftex.def Info: threads_speedup.png  used on input line 188.
(pdftex.def)             Requested size: 400.0pt x 199.99474pt.

Overfull \hbox (1.6614pt too wide) in paragraph at lines 188--188
 [] 
 []


Overfull \hbox (164.42094pt too wide) in paragraph at lines 188--188
[][] 
 []


Overfull \vbox (20.0073pt too high) detected at line 188
 []


Package microtype Warning: tracking amount list `apresentacao.tex/188' will
(microtype)                override list `apresentacao.tex/183' for 
(microtype)                font `OT1////' on input line 188.


Overfull \hbox (2.12503pt too wide) has occurred while \output is active
[][] 
 []

[8

 <./threads_speedup.png>]
Overfull \hbox (2.12503pt too wide) in paragraph at lines 191--191
[][] 
 []


Package microtype Warning: tracking amount list `apresentacao.tex/191' will
(microtype)                override list `apresentacao.tex/188' for 
(microtype)                font `OT1////' on input line 191.

<heatmap_speedup.png, id=96, 462.528pt x 346.896pt>
File: heatmap_speedup.png Graphic file (type png)
<use heatmap_speedup.png>
Package pdftex.def Info: heatmap_speedup.png  used on input line 196.
(pdftex.def)             Requested size: 260.0pt x 195.00676pt.

Overfull \hbox (164.42094pt too wide) in paragraph at lines 196--196
[][] 
 []


Overfull \vbox (1.41931pt too high) detected at line 196
 []


Package microtype Warning: tracking amount list `apresentacao.tex/196' will
(microtype)                override list `apresentacao.tex/191' for 
(microtype)                font `OT1////' on input line 196.


Overfull \hbox (2.12503pt too wide) has occurred while \output is active
[][] 
 []

[9

 <./heatmap_speedup.png>]
Overfull \hbox (2.12503pt too wide) in paragraph at lines 198--198
[][] 
 []


Package microtype Warning: tracking amount list `apresentacao.tex/198' will
(microtype)                override list `apresentacao.tex/196' for 
(microtype)                font `OT1////' on input line 198.


Overfull \hbox (164.42094pt too wide) in paragraph at lines 203--203
[][] 
 []


Package microtype Warning: tracking amount list `apresentacao.tex/203' will
(microtype)                override list `apresentacao.tex/198' for 
(microtype)                font `OT1////' on input line 203.


Overfull \hbox (2.12503pt too wide) has occurred while \output is active
[][] 
 []

[10

]
Overfull \hbox (2.12503pt too wide) in paragraph at lines 209--209
[][] 
 []


Package microtype Warning: tracking amount list `apresentacao.tex/209' will
(microtype)                override list `apresentacao.tex/203' for 
(microtype)                font `OT1////' on input line 209.

<inf-logo-white.pdf, id=108, 702.625pt x 389.455pt>
File: inf-logo-white.pdf Graphic file (type pdf)
<use inf-logo-white.pdf>
Package pdftex.def Info: inf-logo-white.pdf  used on input line 209.
(pdftex.def)             Requested size: 91.04742pt x 50.46452pt.
<EE.png, id=109, 2007.5pt x 2007.5pt>
File: EE.png Graphic file (type png)
<use EE.png>
Package pdftex.def Info: EE.png  used on input line 209.
(pdftex.def)             Requested size: 60.0pt x 59.97734pt.

Overfull \hbox (164.42094pt too wide) in paragraph at lines 209--209
[][] 
 []


Package microtype Warning: tracking amount list `apresentacao.tex/209(1)' will
(microtype)                override list `apresentacao.tex/209' for 
(microtype)                font `OT1////' on input line 209.


Overfull \hbox (2.12503pt too wide) has occurred while \output is active
[][] 
 []

[11

 <./inf-logo-white.pdf> <./EE.png>]
\tf@nav=\write6
\openout6 = `apresentacao.nav'.

\tf@toc=\write7
\openout7 = `apresentacao.toc'.

\tf@snm=\write8
\openout8 = `apresentacao.snm'.

 (./apresentacao.aux)
 ***********
LaTeX2e <2025-11-01>
L3 programming layer <2026-01-19>
 ***********
Package rerunfilecheck Info: File `apresentacao.out' has not changed.
(rerunfilecheck)             Checksum: A8F274D43114C87B77C81D2168BDD620;274.
 ) 
Here is how much of TeX's memory you used:
 26493 strings out of 467533
 528859 string characters out of 5392394
 924215 words of memory out of 5000000
 54660 multiletter control sequences out of 15000+600000
 738903 words of font info for 182 fonts, out of 8000000 for 9000
 1141 hyphenation exceptions out of 8191
 128i,19n,123p,1009b,784s stack positions out of 10000i,1000n,20000p,200000b,200000s
</nix/store/m6l26yivppamjf4a5dwn0vlpdsl8k084-texlive-combined-full-2025-final
-texmfdist/fonts/type1/public/lm/lmbx10.pfb></nix/store/m6l26yivppamjf4a5dwn0vl
pdsl8k084-texlive-combined-full-2025-final-texmfdist/fonts/type1/public/lm/lmmi
10.pfb></nix/store/m6l26yivppamjf4a5dwn0vlpdsl8k084-texlive-combined-full-2025-
final-texmfdist/fonts/type1/public/lm/lmmi7.pfb></nix/store/m6l26yivppamjf4a5dw
n0vlpdsl8k084-texlive-combined-full-2025-final-texmfdist/fonts/type1/public/lm/
lmr10.pfb></nix/store/m6l26yivppamjf4a5dwn0vlpdsl8k084-texlive-combined-full-20
25-final-texmfdist/fonts/type1/public/lm/lmr8.pfb></nix/store/m6l26yivppamjf4a5
dwn0vlpdsl8k084-texlive-combined-full-2025-final-texmfdist/fonts/type1/public/l
m/lmss10.pfb></nix/store/m6l26yivppamjf4a5dwn0vlpdsl8k084-texlive-combined-full
-2025-final-texmfdist/fonts/type1/public/lm/lmss8.pfb></nix/store/m6l26yivppamj
f4a5dwn0vlpdsl8k084-texlive-combined-full-2025-final-texmfdist/fonts/type1/publ
ic/lm/lmssbx10.pfb></nix/store/m6l26yivppamjf4a5dwn0vlpdsl8k084-texlive-combine
d-full-2025-final-texmfdist/fonts/type1/public/lm/lmsy10.pfb></nix/store/m6l26y
ivppamjf4a5dwn0vlpdsl8k084-texlive-combined-full-2025-final-texmfdist/fonts/typ
e1/urw/helvetic/uhvb8a.pfb>
Output written on apresentacao.pdf (11 pages, 1050835 bytes).
PDF statistics:
 185 PDF objects out of 1000 (max. 8388607)
 121 compressed objects within 2 object streams
 26 named destinations out of 1000 (max. 500000)
 65146 words of extra memory for PDF output out of 74296 (max. 10000000)

